Archive member included to satisfy reference by file (symbol)

c:/st/stm32cubeide_1.12.1/stm32cubeide/plugins/com.st.stm32cube.ide.mcu.externaltools.gnu-tools-for-stm32.10.3-2021.10.win32_1.0.200.202301161003/tools/bin/../lib/gcc/arm-none-eabi/10.3.1/../../../../arm-none-eabi/lib/thumb/v7-m/nofp\libc_nano.a(lib_a-errno.o)
                              ./Core/Src/syscalls.o (__errno)
c:/st/stm32cubeide_1.12.1/stm32cubeide/plugins/com.st.stm32cube.ide.mcu.externaltools.gnu-tools-for-stm32.10.3-2021.10.win32_1.0.200.202301161003/tools/bin/../lib/gcc/arm-none-eabi/10.3.1/../../../../arm-none-eabi/lib/thumb/v7-m/nofp\libc_nano.a(lib_a-exit.o)
                              c:/st/stm32cubeide_1.12.1/stm32cubeide/plugins/com.st.stm32cube.ide.mcu.externaltools.gnu-tools-for-stm32.10.3-2021.10.win32_1.0.200.202301161003/tools/bin/../lib/gcc/arm-none-eabi/10.3.1/../../../../arm-none-eabi/lib/thumb/v7-m/nofp/crt0.o (exit)
c:/st/stm32cubeide_1.12.1/stm32cubeide/plugins/com.st.stm32cube.ide.mcu.externaltools.gnu-tools-for-stm32.10.3-2021.10.win32_1.0.200.202301161003/tools/bin/../lib/gcc/arm-none-eabi/10.3.1/../../../../arm-none-eabi/lib/thumb/v7-m/nofp\libc_nano.a(lib_a-impure.o)
                              c:/st/stm32cubeide_1.12.1/stm32cubeide/plugins/com.st.stm32cube.ide.mcu.externaltools.gnu-tools-for-stm32.10.3-2021.10.win32_1.0.200.202301161003/tools/bin/../lib/gcc/arm-none-eabi/10.3.1/../../../../arm-none-eabi/lib/thumb/v7-m/nofp\libc_nano.a(lib_a-exit.o) (_global_impure_ptr)
c:/st/stm32cubeide_1.12.1/stm32cubeide/plugins/com.st.stm32cube.ide.mcu.externaltools.gnu-tools-for-stm32.10.3-2021.10.win32_1.0.200.202301161003/tools/bin/../lib/gcc/arm-none-eabi/10.3.1/../../../../arm-none-eabi/lib/thumb/v7-m/nofp\libc_nano.a(lib_a-init.o)
                              c:/st/stm32cubeide_1.12.1/stm32cubeide/plugins/com.st.stm32cube.ide.mcu.externaltools.gnu-tools-for-stm32.10.3-2021.10.win32_1.0.200.202301161003/tools/bin/../lib/gcc/arm-none-eabi/10.3.1/../../../../arm-none-eabi/lib/thumb/v7-m/nofp/crt0.o (__libc_init_array)
c:/st/stm32cubeide_1.12.1/stm32cubeide/plugins/com.st.stm32cube.ide.mcu.externaltools.gnu-tools-for-stm32.10.3-2021.10.win32_1.0.200.202301161003/tools/bin/../lib/gcc/arm-none-eabi/10.3.1/../../../../arm-none-eabi/lib/thumb/v7-m/nofp\libc_nano.a(lib_a-memset.o)
                              c:/st/stm32cubeide_1.12.1/stm32cubeide/plugins/com.st.stm32cube.ide.mcu.externaltools.gnu-tools-for-stm32.10.3-2021.10.win32_1.0.200.202301161003/tools/bin/../lib/gcc/arm-none-eabi/10.3.1/../../../../arm-none-eabi/lib/thumb/v7-m/nofp/crt0.o (memset)
c:/st/stm32cubeide_1.12.1/stm32cubeide/plugins/com.st.stm32cube.ide.mcu.externaltools.gnu-tools-for-stm32.10.3-2021.10.win32_1.0.200.202301161003/tools/bin/../lib/gcc/arm-none-eabi/10.3.1/../../../../arm-none-eabi/lib/thumb/v7-m/nofp\libc_nano.a(lib_a-strlen.o)
                              ./Core/Src/UartRingbuffer.o (strlen)

Discarded input sections

 .text          0x0000000000000000        0x0 c:/st/stm32cubeide_1.12.1/stm32cubeide/plugins/com.st.stm32cube.ide.mcu.externaltools.gnu-tools-for-stm32.10.3-2021.10.win32_1.0.200.202301161003/tools/bin/../lib/gcc/arm-none-eabi/10.3.1/thumb/v7-m/nofp/crti.o
 .data          0x0000000000000000        0x0 c:/st/stm32cubeide_1.12.1/stm32cubeide/plugins/com.st.stm32cube.ide.mcu.externaltools.gnu-tools-for-stm32.10.3-2021.10.win32_1.0.200.202301161003/tools/bin/../lib/gcc/arm-none-eabi/10.3.1/thumb/v7-m/nofp/crti.o
 .bss           0x0000000000000000        0x0 c:/st/stm32cubeide_1.12.1/stm32cubeide/plugins/com.st.stm32cube.ide.mcu.externaltools.gnu-tools-for-stm32.10.3-2021.10.win32_1.0.200.202301161003/tools/bin/../lib/gcc/arm-none-eabi/10.3.1/thumb/v7-m/nofp/crti.o
 .data          0x0000000000000000        0x4 c:/st/stm32cubeide_1.12.1/stm32cubeide/plugins/com.st.stm32cube.ide.mcu.externaltools.gnu-tools-for-stm32.10.3-2021.10.win32_1.0.200.202301161003/tools/bin/../lib/gcc/arm-none-eabi/10.3.1/thumb/v7-m/nofp/crtbegin.o
 .rodata        0x0000000000000000       0x24 c:/st/stm32cubeide_1.12.1/stm32cubeide/plugins/com.st.stm32cube.ide.mcu.externaltools.gnu-tools-for-stm32.10.3-2021.10.win32_1.0.200.202301161003/tools/bin/../lib/gcc/arm-none-eabi/10.3.1/thumb/v7-m/nofp/crtbegin.o
 .text          0x0000000000000000       0x7c c:/st/stm32cubeide_1.12.1/stm32cubeide/plugins/com.st.stm32cube.ide.mcu.externaltools.gnu-tools-for-stm32.10.3-2021.10.win32_1.0.200.202301161003/tools/bin/../lib/gcc/arm-none-eabi/10.3.1/../../../../arm-none-eabi/lib/thumb/v7-m/nofp/crt0.o
 .data          0x0000000000000000        0x0 c:/st/stm32cubeide_1.12.1/stm32cubeide/plugins/com.st.stm32cube.ide.mcu.externaltools.gnu-tools-for-stm32.10.3-2021.10.win32_1.0.200.202301161003/tools/bin/../lib/gcc/arm-none-eabi/10.3.1/../../../../arm-none-eabi/lib/thumb/v7-m/nofp/crt0.o
[...]
Memory Configuration

Name             Origin             Length             Attributes
RAM              0x0000000020000000 0x0000000000005000 xrw
FLASH            0x0000000008000000 0x0000000000010000 xr
*default*        0x0000000000000000 0xffffffffffffffff

Linker script and memory map

LOAD c:/st/stm32cubeide_1.12.1/stm32cubeide/plugins/com.st.stm32cube.ide.mcu.externaltools.gnu-tools-for-stm32.10.3-2021.10.win32_1.0.200.202301161003/tools/bin/../lib/gcc/arm-none-eabi/10.3.1/thumb/v7-m/nofp/crti.o
LOAD c:/st/stm32cubeide_1.12.1/stm32cubeide/plugins/com.st.stm32cube.ide.mcu.externaltools.gnu-tools-for-stm32.10.3-2021.10.win32_1.0.200.202301161003/tools/bin/../lib/gcc/arm-none-eabi/10.3.1/thumb/v7-m/nofp/crtbegin.o
LOAD c:/st/stm32cubeide_1.12.1/stm32cubeide/plugins/com.st.stm32cube.ide.mcu.externaltools.gnu-tools-for-stm32.10.3-2021.10.win32_1.0.200.202301161003/tools/bin/../lib/gcc/arm-none-eabi/10.3.1/../../../../arm-none-eabi/lib/thumb/v7-m/nofp/crt0.o
LOAD ./Core/Src/UartRingbuffer.o
LOAD ./Core/Src/main.o
LOAD ./Core/Src/stm32f1xx_hal_msp.o
LOAD ./Core/Src/stm32f1xx_it.o
LOAD ./Core/Src/syscalls.o
LOAD ./Core/Src/sysmem.o
LOAD ./Core/Src/system_stm32f1xx.o
LOAD ./Core/Startup/startup_stm32f103c8tx.o
LOAD ./Drivers/STM32F1xx_HAL_Driver/Src/stm32f1xx_hal.o
LOAD ./Drivers/STM32F1xx_HAL_Driver/Src/stm32f1xx_hal_cortex.o
LOAD ./Drivers/STM32F1xx_HAL_Driver/Src/stm32f1xx_hal_dma.o
LOAD ./Drivers/STM32F1xx_HAL_Driver/Src/stm32f1xx_hal_exti.o
LOAD ./Drivers/STM32F1xx_HAL_Driver/Src/stm32f1xx_hal_flash.o
LOAD ./Drivers/STM32F1xx_HAL_Driver/Src/stm32f1xx_hal_flash_ex.o
LOAD ./Drivers/STM32F1xx_HAL_Driver/Src/stm32f1xx_hal_gpio.o
LOAD ./Drivers/STM32F1xx_HAL_Driver/Src/stm32f1xx_hal_gpio_ex.o
LOAD ./Drivers/STM32F1xx_HAL_Driver/Src/stm32f1xx_hal_pwr.o
LOAD ./Drivers/STM32F1xx_HAL_Driver/Src/stm32f1xx_hal_rcc.o
LOAD ./Drivers/STM32F1xx_HAL_Driver/Src/stm32f1xx_hal_rcc_ex.o
LOAD ./Drivers/STM32F1xx_HAL_Driver/Src/stm32f1xx_hal_tim.o
LOAD ./Drivers/STM32F1xx_HAL_Driver/Src/stm32f1xx_hal_tim_ex.o
LOAD ./Drivers/STM32F1xx_HAL_Driver/Src/stm32f1xx_hal_uart.o
START GROUP
LOAD c:/st/stm32cubeide_1.12.1/stm32cubeide/plugins/com.st.stm32cube.ide.mcu.externaltools.gnu-tools-for-stm32.10.3-2021.10.win32_1.0.200.202301161003/tools/bin/../lib/gcc/arm-none-eabi/10.3.1/../../../../arm-none-eabi/lib/thumb/v7-m/nofp\libc_nano.a
LOAD c:/st/stm32cubeide_1.12.1/stm32cubeide/plugins/com.st.stm32cube.ide.mcu.externaltools.gnu-tools-for-stm32.10.3-2021.10.win32_1.0.200.202301161003/tools/bin/../lib/gcc/arm-none-eabi/10.3.1/../../../../arm-none-eabi/lib/thumb/v7-m/nofp\libm.a
END GROUP
START GROUP
LOAD c:/st/stm32cubeide_1.12.1/stm32cubeide/plugins/com.st.stm32cube.ide.mcu.externaltools.gnu-tools-for-stm32.10.3-2021.10.win32_1.0.200.202301161003/tools/bin/../lib/gcc/arm-none-eabi/10.3.1/thumb/v7-m/nofp\libgcc.a
LOAD c:/st/stm32cubeide_1.12.1/stm32cubeide/plugins/com.st.stm32cube.ide.mcu.externaltools.gnu-tools-for-stm32.10.3-2021.10.win32_1.0.200.202301161003/tools/bin/../lib/gcc/arm-none-eabi/10.3.1/../../../../arm-none-eabi/lib/thumb/v7-m/nofp\libc_nano.a
END GROUP
START GROUP
LOAD c:/st/stm32cubeide_1.12.1/stm32cubeide/plugins/com.st.stm32cube.ide.mcu.externaltools.gnu-tools-for-stm32.10.3-2021.10.win32_1.0.200.202301161003/tools/bin/../lib/gcc/arm-none-eabi/10.3.1/thumb/v7-m/nofp\libgcc.a
LOAD c:/st/stm32cubeide_1.12.1/stm32cubeide/plugins/com.st.stm32cube.ide.mcu.externaltools.gnu-tools-for-stm32.10.3-2021.10.win32_1.0.200.202301161003/tools/bin/../lib/gcc/arm-none-eabi/10.3.1/../../../../arm-none-eabi/lib/thumb/v7-m/nofp\libc_nano.a
LOAD c:/st/stm32cubeide_1.12.1/stm32cubeide/plugins/com.st.stm32cube.ide.mcu.externaltools.gnu-tools-for-stm32.10.3-2021.10.win32_1.0.200.202301161003/tools/bin/../lib/gcc/arm-none-eabi/10.3.1/../../../../arm-none-eabi/lib/thumb/v7-m/nofp\libnosys.a
END GROUP
START GROUP
LOAD c:/st/stm32cubeide_1.12.1/stm32cubeide/plugins/com.st.stm32cube.ide.mcu.externaltools.gnu-tools-for-stm32.10.3-2021.10.win32_1.0.200.202301161003/tools/bin/../lib/gcc/arm-none-eabi/10.3.1/thumb/v7-m/nofp\libgcc.a
LOAD c:/st/stm32cubeide_1.12.1/stm32cubeide/plugins/com.st.stm32cube.ide.mcu.externaltools.gnu-tools-for-stm32.10.3-2021.10.win32_1.0.200.202301161003/tools/bin/../lib/gcc/arm-none-eabi/10.3.1/../../../../arm-none-eabi/lib/thumb/v7-m/nofp\libc_nano.a
LOAD c:/st/stm32cubeide_1.12.1/stm32cubeide/plugins/com.st.stm32cube.ide.mcu.externaltools.gnu-tools-for-stm32.10.3-2021.10.win32_1.0.200.202301161003/tools/bin/../lib/gcc/arm-none-eabi/10.3.1/../../../../arm-none-eabi/lib/thumb/v7-m/nofp\libnosys.a
END GROUP
LOAD c:/st/stm32cubeide_1.12.1/stm32cubeide/plugins/com.st.stm32cube.ide.mcu.externaltools.gnu-tools-for-stm32.10.3-2021.10.win32_1.0.200.202301161003/tools/bin/../lib/gcc/arm-none-eabi/10.3.1/thumb/v7-m/nofp/crtend.o
LOAD c:/st/stm32cubeide_1.12.1/stm32cubeide/plugins/com.st.stm32cube.ide.mcu.externaltools.gnu-tools-for-stm32.10.3-2021.10.win32_1.0.200.202301161003/tools/bin/../lib/gcc/arm-none-eabi/10.3.1/thumb/v7-m/nofp/crtn.o
                0x0000000020005000                _estack = (ORIGIN (RAM) + LENGTH (RAM))
                0x0000000000000200                _Min_Heap_Size = 0x200
                0x0000000000000400                _Min_Stack_Size = 0x400

.isr_vector     0x0000000008000000      0x10c
                0x0000000008000000                . = ALIGN (0x4)
 *(.isr_vector)
 .isr_vector    0x0000000008000000      0x10c ./Core/Startup/startup_stm32f103c8tx.o
                0x0000000008000000                g_pfnVectors
                0x000000000800010c                . = ALIGN (0x4)

.text           0x000000000800010c     0x1700
                0x000000000800010c                . = ALIGN (0x4)
 *(.text)
 .text          0x000000000800010c       0x40 c:/st/stm32cubeide_1.12.1/stm32cubeide/plugins/com.st.stm32cube.ide.mcu.externaltools.gnu-tools-for-stm32.10.3-2021.10.win32_1.0.200.202301161003/tools/bin/../lib/gcc/arm-none-eabi/10.3.1/thumb/v7-m/nofp/crtbegin.o
 *(.text*)
 .text.Ringbuf_init
                0x000000000800014c       0x4c ./Core/Src/UartRingbuffer.o
                0x000000000800014c                Ringbuf_init
 .text.store_char
                0x0000000008000198       0x3c ./Core/Src/UartRingbuffer.o
                0x0000000008000198                store_char
 .text.Uart_read
                0x00000000080001d4       0x4c ./Core/Src/UartRingbuffer.o
                0x00000000080001d4                Uart_read
 .text.Uart_write
                0x0000000008000220       0x64 ./Core/Src/UartRingbuffer.o
                0x0000000008000220                Uart_write
 .text.IsDataAvailable
                0x0000000008000284       0x2c ./Core/Src/UartRingbuffer.o
                0x0000000008000284                IsDataAvailable
 .text.Uart_sendstring
                0x00000000080002b0       0x2a ./Core/Src/UartRingbuffer.o
                0x00000000080002b0                Uart_sendstring
 *fill*         0x00000000080002da        0x2 
 .text.Uart_isr
                0x00000000080002dc       0xb4 ./Core/Src/UartRingbuffer.o
                0x00000000080002dc                Uart_isr
 .text.main     0x0000000008000390       0x50 ./Core/Src/main.o
                0x0000000008000390                main
 .text.SystemClock_Config
                0x00000000080003e0       0x8a ./Core/Src/main.o
                0x00000000080003e0                SystemClock_Config
 *fill*         0x000000000800046a        0x2 
 .text.MX_USART1_UART_Init
                0x000000000800046c       0x54 ./Core/Src/main.o
 .text.MX_GPIO_Init
                0x00000000080004c0       0x98 ./Core/Src/main.o
 .text.Error_Handler
                0x0000000008000558        0xa ./Core/Src/main.o
                0x0000000008000558                Error_Handler
 *fill*         0x0000000008000562        0x2 
 .text.HAL_MspInit
                0x0000000008000564       0x64 ./Core/Src/stm32f1xx_hal_msp.o
                0x0000000008000564                HAL_MspInit
 .text.HAL_UART_MspInit
                0x00000000080005c8       0xa8 ./Core/Src/stm32f1xx_hal_msp.o
                0x00000000080005c8                HAL_UART_MspInit
 .text.NMI_Handler
                0x0000000008000670        0x6 ./Core/Src/stm32f1xx_it.o
                0x0000000008000670                NMI_Handler
 .text.HardFault_Handler
                0x0000000008000676        0x6 ./Core/Src/stm32f1xx_it.o
                0x0000000008000676                HardFault_Handler
 .text.MemManage_Handler
                0x000000000800067c        0x6 ./Core/Src/stm32f1xx_it.o
                0x000000000800067c                MemManage_Handler
 .text.BusFault_Handler
                0x0000000008000682        0x6 ./Core/Src/stm32f1xx_it.o
                0x0000000008000682                BusFault_Handler
 .text.UsageFault_Handler
                0x0000000008000688        0x6 ./Core/Src/stm32f1xx_it.o
                0x0000000008000688                UsageFault_Handler
 .text.SVC_Handler
                0x000000000800068e        0xc ./Core/Src/stm32f1xx_it.o
                0x000000000800068e                SVC_Handler
 .text.DebugMon_Handler
                0x000000000800069a        0xc ./Core/Src/stm32f1xx_it.o
                0x000000000800069a                DebugMon_Handler
 .text.PendSV_Handler
                0x00000000080006a6        0xc ./Core/Src/stm32f1xx_it.o
                0x00000000080006a6                PendSV_Handler
 .text.SysTick_Handler
                0x00000000080006b2        0xc ./Core/Src/stm32f1xx_it.o
                0x00000000080006b2                SysTick_Handler
 *fill*         0x00000000080006be        0x2 
 .text.USART1_IRQHandler
                0x00000000080006c0       0x14 ./Core/Src/stm32f1xx_it.o
                0x00000000080006c0                USART1_IRQHandler
 .text.SystemInit
                0x00000000080006d4        0xc ./Core/Src/system_stm32f1xx.o
                0x00000000080006d4                SystemInit
 .text.Reset_Handler
                0x00000000080006e0       0x48 ./Core/Startup/startup_stm32f103c8tx.o
                0x00000000080006e0                Reset_Handler
 .text.Default_Handler
                0x0000000008000728        0x2 ./Core/Startup/startup_stm32f103c8tx.o
                0x0000000008000728                RTC_Alarm_IRQHandler
                0x0000000008000728                EXTI2_IRQHandler
                0x0000000008000728                TIM1_CC_IRQHandler
                0x0000000008000728                PVD_IRQHandler
                0x0000000008000728                EXTI3_IRQHandler
                0x0000000008000728                EXTI0_IRQHandler
                0x0000000008000728                I2C2_EV_IRQHandler
                0x0000000008000728                ADC1_2_IRQHandler
                0x0000000008000728                SPI1_IRQHandler
                0x0000000008000728                TAMPER_IRQHandler
                0x0000000008000728                DMA1_Channel4_IRQHandler
                0x0000000008000728                USART3_IRQHandler
                0x0000000008000728                RTC_IRQHandler
                0x0000000008000728                DMA1_Channel7_IRQHandler
                0x0000000008000728                CAN1_RX1_IRQHandler
                0x0000000008000728                TIM4_IRQHandler
                0x0000000008000728                I2C1_EV_IRQHandler
                0x0000000008000728                DMA1_Channel6_IRQHandler
                0x0000000008000728                TIM3_IRQHandler
                0x0000000008000728                RCC_IRQHandler
                0x0000000008000728                TIM1_TRG_COM_IRQHandler
                0x0000000008000728                DMA1_Channel1_IRQHandler
                0x0000000008000728                Default_Handler
                0x0000000008000728                EXTI15_10_IRQHandler
                0x0000000008000728                EXTI9_5_IRQHandler
                0x0000000008000728                SPI2_IRQHandler
                0x0000000008000728                DMA1_Channel5_IRQHandler
                0x0000000008000728                EXTI4_IRQHandler
                0x0000000008000728                USB_LP_CAN1_RX0_IRQHandler
                0x0000000008000728                USB_HP_CAN1_TX_IRQHandler
                0x0000000008000728                DMA1_Channel3_IRQHandler
                0x0000000008000728                TIM1_UP_IRQHandler
                0x0000000008000728                WWDG_IRQHandler
                0x0000000008000728                TIM2_IRQHandler
                0x0000000008000728                TIM1_BRK_IRQHandler
                0x0000000008000728                EXTI1_IRQHandler
                0x0000000008000728                USART2_IRQHandler
                0x0000000008000728                I2C2_ER_IRQHandler
                0x0000000008000728                DMA1_Channel2_IRQHandler
                0x0000000008000728                CAN1_SCE_IRQHandler
                0x0000000008000728                FLASH_IRQHandler
                0x0000000008000728                I2C1_ER_IRQHandler
                0x0000000008000728                USBWakeUp_IRQHandler
 *fill*         0x000000000800072a        0x2 
 .text.HAL_Init
                0x000000000800072c       0x2c ./Drivers/STM32F1xx_HAL_Driver/Src/stm32f1xx_hal.o
                0x000000000800072c                HAL_Init
 .text.HAL_InitTick
                0x0000000008000758       0x60 ./Drivers/STM32F1xx_HAL_Driver/Src/stm32f1xx_hal.o
                0x0000000008000758                HAL_InitTick
 .text.HAL_IncTick
                0x00000000080007b8       0x24 ./Drivers/STM32F1xx_HAL_Driver/Src/stm32f1xx_hal.o
                0x00000000080007b8                HAL_IncTick
 .text.HAL_GetTick
                0x00000000080007dc       0x14 ./Drivers/STM32F1xx_HAL_Driver/Src/stm32f1xx_hal.o
                0x00000000080007dc                HAL_GetTick
 .text.HAL_Delay
                0x00000000080007f0       0x48 ./Drivers/STM32F1xx_HAL_Driver/Src/stm32f1xx_hal.o
                0x00000000080007f0                HAL_Delay
 .text.__NVIC_SetPriorityGrouping
                0x0000000008000838       0x48 ./Drivers/STM32F1xx_HAL_Driver/Src/stm32f1xx_hal_cortex.o
 .text.__NVIC_GetPriorityGrouping
                0x0000000008000880       0x1c ./Drivers/STM32F1xx_HAL_Driver/Src/stm32f1xx_hal_cortex.o
 .text.__NVIC_EnableIRQ
                0x000000000800089c       0x38 ./Drivers/STM32F1xx_HAL_Driver/Src/stm32f1xx_hal_cortex.o
 .text.__NVIC_SetPriority
                0x00000000080008d4       0x54 ./Drivers/STM32F1xx_HAL_Driver/Src/stm32f1xx_hal_cortex.o
 .text.NVIC_EncodePriority
                0x0000000008000928       0x64 ./Drivers/STM32F1xx_HAL_Driver/Src/stm32f1xx_hal_cortex.o
 .text.SysTick_Config
                0x000000000800098c       0x44 ./Drivers/STM32F1xx_HAL_Driver/Src/stm32f1xx_hal_cortex.o
 .text.HAL_NVIC_SetPriorityGrouping
                0x00000000080009d0       0x16 ./Drivers/STM32F1xx_HAL_Driver/Src/stm32f1xx_hal_cortex.o
                0x00000000080009d0                HAL_NVIC_SetPriorityGrouping
 .text.HAL_NVIC_SetPriority
                0x00000000080009e6       0x38 ./Drivers/STM32F1xx_HAL_Driver/Src/stm32f1xx_hal_cortex.o
                0x00000000080009e6                HAL_NVIC_SetPriority
 .text.HAL_NVIC_EnableIRQ
                0x0000000008000a1e       0x1c ./Drivers/STM32F1xx_HAL_Driver/Src/stm32f1xx_hal_cortex.o
                0x0000000008000a1e                HAL_NVIC_EnableIRQ
 .text.HAL_SYSTICK_Config
                0x0000000008000a3a       0x18 ./Drivers/STM32F1xx_HAL_Driver/Src/stm32f1xx_hal_cortex.o
                0x0000000008000a3a                HAL_SYSTICK_Config
 *fill*         0x0000000008000a52        0x2 
 .text.HAL_GPIO_Init
                0x0000000008000a54      0x308 ./Drivers/STM32F1xx_HAL_Driver/Src/stm32f1xx_hal_gpio.o
                0x0000000008000a54                HAL_GPIO_Init
 .text.HAL_GPIO_WritePin
                0x0000000008000d5c       0x30 ./Drivers/STM32F1xx_HAL_Driver/Src/stm32f1xx_hal_gpio.o
                0x0000000008000d5c                HAL_GPIO_WritePin
 .text.HAL_GPIO_TogglePin
                0x0000000008000d8c       0x32 ./Drivers/STM32F1xx_HAL_Driver/Src/stm32f1xx_hal_gpio.o
                0x0000000008000d8c                HAL_GPIO_TogglePin
 *fill*         0x0000000008000dbe        0x2 
 .text.HAL_RCC_OscConfig
                0x0000000008000dc0      0x504 ./Drivers/STM32F1xx_HAL_Driver/Src/stm32f1xx_hal_rcc.o
                0x0000000008000dc0                HAL_RCC_OscConfig
 .text.HAL_RCC_ClockConfig
                0x00000000080012c4      0x1d4 ./Drivers/STM32F1xx_HAL_Driver/Src/stm32f1xx_hal_rcc.o
                0x00000000080012c4                HAL_RCC_ClockConfig
 .text.HAL_RCC_GetSysClockFreq
                0x0000000008001498       0xa8 ./Drivers/STM32F1xx_HAL_Driver/Src/stm32f1xx_hal_rcc.o
                0x0000000008001498                HAL_RCC_GetSysClockFreq
 .text.HAL_RCC_GetHCLKFreq
                0x0000000008001540       0x14 ./Drivers/STM32F1xx_HAL_Driver/Src/stm32f1xx_hal_rcc.o
                0x0000000008001540                HAL_RCC_GetHCLKFreq
 .text.HAL_RCC_GetPCLK1Freq
                0x0000000008001554       0x28 ./Drivers/STM32F1xx_HAL_Driver/Src/stm32f1xx_hal_rcc.o
                0x0000000008001554                HAL_RCC_GetPCLK1Freq
 .text.HAL_RCC_GetPCLK2Freq
                0x000000000800157c       0x28 ./Drivers/STM32F1xx_HAL_Driver/Src/stm32f1xx_hal_rcc.o
                0x000000000800157c                HAL_RCC_GetPCLK2Freq
 .text.RCC_Delay
                0x00000000080015a4       0x3c ./Drivers/STM32F1xx_HAL_Driver/Src/stm32f1xx_hal_rcc.o
 .text.HAL_UART_Init
                0x00000000080015e0       0xa0 ./Drivers/STM32F1xx_HAL_Driver/Src/stm32f1xx_hal_uart.o
                0x00000000080015e0                HAL_UART_Init
 .text.UART_SetConfig
                0x0000000008001680      0x11c ./Drivers/STM32F1xx_HAL_Driver/Src/stm32f1xx_hal_uart.o
 .text.__libc_init_array
                0x000000000800179c       0x48 c:/st/stm32cubeide_1.12.1/stm32cubeide/plugins/com.st.stm32cube.ide.mcu.externaltools.gnu-tools-for-stm32.10.3-2021.10.win32_1.0.200.202301161003/tools/bin/../lib/gcc/arm-none-eabi/10.3.1/../../../../arm-none-eabi/lib/thumb/v7-m/nofp\libc_nano.a(lib_a-init.o)
                0x000000000800179c                __libc_init_array
 .text.memset   0x00000000080017e4       0x10 c:/st/stm32cubeide_1.12.1/stm32cubeide/plugins/com.st.stm32cube.ide.mcu.externaltools.gnu-tools-for-stm32.10.3-2021.10.win32_1.0.200.202301161003/tools/bin/../lib/gcc/arm-none-eabi/10.3.1/../../../../arm-none-eabi/lib/thumb/v7-m/nofp\libc_nano.a(lib_a-memset.o)
                0x00000000080017e4                memset
 *(.glue_7)
 .glue_7        0x00000000080017f4        0x0 linker stubs
 *(.glue_7t)
 .glue_7t       0x00000000080017f4        0x0 linker stubs
 *(.eh_frame)
 .eh_frame      0x00000000080017f4        0x0 c:/st/stm32cubeide_1.12.1/stm32cubeide/plugins/com.st.stm32cube.ide.mcu.externaltools.gnu-tools-for-stm32.10.3-2021.10.win32_1.0.200.202301161003/tools/bin/../lib/gcc/arm-none-eabi/10.3.1/thumb/v7-m/nofp/crtbegin.o
 *(.init)
 .init          0x00000000080017f4        0x4 c:/st/stm32cubeide_1.12.1/stm32cubeide/plugins/com.st.stm32cube.ide.mcu.externaltools.gnu-tools-for-stm32.10.3-2021.10.win32_1.0.200.202301161003/tools/bin/../lib/gcc/arm-none-eabi/10.3.1/thumb/v7-m/nofp/crti.o
                0x00000000080017f4                _init
 .init          0x00000000080017f8        0x8 c:/st/stm32cubeide_1.12.1/stm32cubeide/plugins/com.st.stm32cube.ide.mcu.externaltools.gnu-tools-for-stm32.10.3-2021.10.win32_1.0.200.202301161003/tools/bin/../lib/gcc/arm-none-eabi/10.3.1/thumb/v7-m/nofp/crtn.o
 *(.fini)
 .fini          0x0000000008001800        0x4 c:/st/stm32cubeide_1.12.1/stm32cubeide/plugins/com.st.stm32cube.ide.mcu.externaltools.gnu-tools-for-stm32.10.3-2021.10.win32_1.0.200.202301161003/tools/bin/../lib/gcc/arm-none-eabi/10.3.1/thumb/v7-m/nofp/crti.o
                0x0000000008001800                _fini
 .fini          0x0000000008001804        0x8 c:/st/stm32cubeide_1.12.1/stm32cubeide/plugins/com.st.stm32cube.ide.mcu.externaltools.gnu-tools-for-stm32.10.3-2021.10.win32_1.0.200.202301161003/tools/bin/../lib/gcc/arm-none-eabi/10.3.1/thumb/v7-m/nofp/crtn.o
                0x000000000800180c                . = ALIGN (0x4)
                0x000000000800180c                _etext = .

.vfp11_veneer   0x000000000800180c        0x0
 .vfp11_veneer  0x000000000800180c        0x0 linker stubs

.v4_bx          0x000000000800180c        0x0
 .v4_bx         0x000000000800180c        0x0 linker stubs

.iplt           0x000000000800180c        0x0
 .iplt          0x000000000800180c        0x0 c:/st/stm32cubeide_1.12.1/stm32cubeide/plugins/com.st.stm32cube.ide.mcu.externaltools.gnu-tools-for-stm32.10.3-2021.10.win32_1.0.200.202301161003/tools/bin/../lib/gcc/arm-none-eabi/10.3.1/thumb/v7-m/nofp/crtbegin.o

.rodata         0x000000000800180c       0x34
                0x000000000800180c                . = ALIGN (0x4)
 *(.rodata)
 .rodata        0x000000000800180c        0x8 ./Core/Src/main.o
 *(.rodata*)
 .rodata.AHBPrescTable
                0x0000000008001814       0x10 ./Core/Src/system_stm32f1xx.o
                0x0000000008001814                AHBPrescTable
 .rodata.APBPrescTable
                0x0000000008001824        0x8 ./Core/Src/system_stm32f1xx.o
                0x0000000008001824                APBPrescTable
 .rodata.aPLLMULFactorTable.1
                0x000000000800182c       0x10 ./Drivers/STM32F1xx_HAL_Driver/Src/stm32f1xx_hal_rcc.o
 .rodata.aPredivFactorTable.0
                0x000000000800183c        0x2 ./Drivers/STM32F1xx_HAL_Driver/Src/stm32f1xx_hal_rcc.o
                0x0000000008001840                . = ALIGN (0x4)
 *fill*         0x000000000800183e        0x2 

.rel.dyn        0x0000000008001840        0x0
 .rel.iplt      0x0000000008001840        0x0 c:/st/stm32cubeide_1.12.1/stm32cubeide/plugins/com.st.stm32cube.ide.mcu.externaltools.gnu-tools-for-stm32.10.3-2021.10.win32_1.0.200.202301161003/tools/bin/../lib/gcc/arm-none-eabi/10.3.1/thumb/v7-m/nofp/crtbegin.o

.ARM.extab      0x0000000008001840        0x0
                0x0000000008001840                . = ALIGN (0x4)
 *(.ARM.extab* .gnu.linkonce.armextab.*)
                0x0000000008001840                . = ALIGN (0x4)

.ARM            0x0000000008001840        0x0
                0x0000000008001840                . = ALIGN (0x4)
                0x0000000008001840                __exidx_start = .
 *(.ARM.exidx*)
                0x0000000008001840                __exidx_end = .
                0x0000000008001840                . = ALIGN (0x4)

.preinit_array  0x0000000008001840        0x0
                0x0000000008001840                . = ALIGN (0x4)
                0x0000000008001840                PROVIDE (__preinit_array_start = .)
 *(.preinit_array*)
                0x0000000008001840                PROVIDE (__preinit_array_end = .)
                0x0000000008001840                . = ALIGN (0x4)

.init_array     0x0000000008001840        0x4
                0x0000000008001840                . = ALIGN (0x4)
                0x0000000008001840                PROVIDE (__init_array_start = .)
 *(SORT_BY_NAME(.init_array.*))
 *(.init_array*)
 .init_array    0x0000000008001840        0x4 c:/st/stm32cubeide_1.12.1/stm32cubeide/plugins/com.st.stm32cube.ide.mcu.externaltools.gnu-tools-for-stm32.10.3-2021.10.win32_1.0.200.202301161003/tools/bin/../lib/gcc/arm-none-eabi/10.3.1/thumb/v7-m/nofp/crtbegin.o
                0x0000000008001844                PROVIDE (__init_array_end = .)
                0x0000000008001844                . = ALIGN (0x4)

.fini_array     0x0000000008001844        0x4
                0x0000000008001844                . = ALIGN (0x4)
                [!provide]                        PROVIDE (__fini_array_start = .)
 *(SORT_BY_NAME(.fini_array.*))
 *(.fini_array*)
 .fini_array    0x0000000008001844        0x4 c:/st/stm32cubeide_1.12.1/stm32cubeide/plugins/com.st.stm32cube.ide.mcu.externaltools.gnu-tools-for-stm32.10.3-2021.10.win32_1.0.200.202301161003/tools/bin/../lib/gcc/arm-none-eabi/10.3.1/thumb/v7-m/nofp/crtbegin.o
                [!provide]                        PROVIDE (__fini_array_end = .)
                0x0000000008001848                . = ALIGN (0x4)
                0x0000000008001848                _sidata = LOADADDR (.data)

.data           0x0000000020000000        0xc load address 0x0000000008001848
                0x0000000020000000                . = ALIGN (0x4)
                0x0000000020000000                _sdata = .
 *(.data)
 *(.data*)
 .data.SystemCoreClock
                0x0000000020000000        0x4 ./Core/Src/system_stm32f1xx.o
                0x0000000020000000                SystemCoreClock
 .data.uwTickPrio
                0x0000000020000004        0x4 ./Drivers/STM32F1xx_HAL_Driver/Src/stm32f1xx_hal.o
                0x0000000020000004                uwTickPrio
 .data.uwTickFreq
                0x0000000020000008        0x1 ./Drivers/STM32F1xx_HAL_Driver/Src/stm32f1xx_hal.o
                0x0000000020000008                uwTickFreq
 *(.RamFunc)
 *(.RamFunc*)
                0x000000002000000c                . = ALIGN (0x4)
 *fill*         0x0000000020000009        0x3 
                0x000000002000000c                _edata = .

.igot.plt       0x000000002000000c        0x0 load address 0x0000000008001854
 .igot.plt      0x000000002000000c        0x0 c:/st/stm32cubeide_1.12.1/stm32cubeide/plugins/com.st.stm32cube.ide.mcu.externaltools.gnu-tools-for-stm32.10.3-2021.10.win32_1.0.200.202301161003/tools/bin/../lib/gcc/arm-none-eabi/10.3.1/thumb/v7-m/nofp/crtbegin.o
                0x000000002000000c                . = ALIGN (0x4)

.bss            0x000000002000000c      0x100 load address 0x0000000008001854
                0x000000002000000c                _sbss = .
                0x000000002000000c                __bss_start__ = _sbss
 *(.bss)
 .bss           0x000000002000000c       0x1c c:/st/stm32cubeide_1.12.1/stm32cubeide/plugins/com.st.stm32cube.ide.mcu.externaltools.gnu-tools-for-stm32.10.3-2021.10.win32_1.0.200.202301161003/tools/bin/../lib/gcc/arm-none-eabi/10.3.1/thumb/v7-m/nofp/crtbegin.o
 *(.bss*)
 .bss.rx_buffer
                0x0000000020000028       0x48 ./Core/Src/UartRingbuffer.o
                0x0000000020000028                rx_buffer
 .bss.tx_buffer
                0x0000000020000070       0x48 ./Core/Src/UartRingbuffer.o
                0x0000000020000070                tx_buffer
 .bss._rx_buffer
                0x00000000200000b8        0x4 ./Core/Src/UartRingbuffer.o
                0x00000000200000b8                _rx_buffer
 .bss._tx_buffer
                0x00000000200000bc        0x4 ./Core/Src/UartRingbuffer.o
                0x00000000200000bc                _tx_buffer
 .bss.huart1    0x00000000200000c0       0x48 ./Core/Src/main.o
                0x00000000200000c0                huart1
 .bss.uwTick    0x0000000020000108        0x4 ./Drivers/STM32F1xx_HAL_Driver/Src/stm32f1xx_hal.o
                0x0000000020000108                uwTick
 *(COMMON)
                0x000000002000010c                . = ALIGN (0x4)
                0x000000002000010c                _ebss = .
                0x000000002000010c                __bss_end__ = _ebss

._user_heap_stack
                0x000000002000010c      0x604 load address 0x0000000008001854
                0x0000000020000110                . = ALIGN (0x8)
 *fill*         0x000000002000010c        0x4 
                [!provide]                        PROVIDE (end = .)
                0x0000000020000110                PROVIDE (_end = .)
                0x0000000020000310                . = (. + _Min_Heap_Size)
 *fill*         0x0000000020000110      0x200 
                0x0000000020000710                . = (. + _Min_Stack_Size)
 *fill*         0x0000000020000310      0x400 
                0x0000000020000710                . = ALIGN (0x8)

/DISCARD/
 libc.a(*)
 libm.a(*)
 libgcc.a(*)

.ARM.attributes
                0x0000000000000000       0x29
 *(.ARM.attributes)
 .ARM.attributes
                0x0000000000000000       0x1d c:/st/stm32cubeide_1.12.1/stm32cubeide/plugins/com.st.stm32cube.ide.mcu.externaltools.gnu-tools-for-stm32.10.3-2021.10.win32_1.0.200.202301161003/tools/bin/../lib/gcc/arm-none-eabi/10.3.1/thumb/v7-m/nofp/crti.o
 .ARM.attributes
                0x000000000000001d       0x2d c:/st/stm32cubeide_1.12.1/stm32cubeide/plugins/com.st.stm32cube.ide.mcu.externaltools.gnu-tools-for-stm32.10.3-2021.10.win32_1.0.200.202301161003/tools/bin/../lib/gcc/arm-none-eabi/10.3.1/thumb/v7-m/nofp/crtbegin.o
 .ARM.attributes
                0x000000000000004a       0x2d ./Core/Src/UartRingbuffer.o
 .ARM.attributes
                0x0000000000000077       0x2d ./Core/Src/main.o
 .ARM.attributes
                0x00000000000000a4       0x2d ./Core/Src/stm32f1xx_hal_msp.o
 .ARM.attributes
                0x00000000000000d1       0x2d ./Core/Src/stm32f1xx_it.o
 .ARM.attributes
                0x00000000000000fe       0x2d ./Core/Src/system_stm32f1xx.o
 .ARM.attributes
                0x000000000000012b       0x21 ./Core/Startup/startup_stm32f103c8tx.o
 .ARM.attributes
                0x000000000000014c       0x2d ./Drivers/STM32F1xx_HAL_Driver/Src/stm32f1xx_hal.o
 .ARM.attributes
                0x0000000000000179       0x2d ./Drivers/STM32F1xx_HAL_Driver/Src/stm32f1xx_hal_cortex.o
 .ARM.attributes
                0x00000000000001a6       0x2d ./Drivers/STM32F1xx_HAL_Driver/Src/stm32f1xx_hal_gpio.o
 .ARM.attributes
                0x00000000000001d3       0x2d ./Drivers/STM32F1xx_HAL_Driver/Src/stm32f1xx_hal_rcc.o
 .ARM.attributes
                0x0000000000000200       0x2d ./Drivers/STM32F1xx_HAL_Driver/Src/stm32f1xx_hal_uart.o
 .ARM.attributes
                0x000000000000022d       0x2d c:/st/stm32cubeide_1.12.1/stm32cubeide/plugins/com.st.stm32cube.ide.mcu.externaltools.gnu-tools-for-stm32.10.3-2021.10.win32_1.0.200.202301161003/tools/bin/../lib/gcc/arm-none-eabi/10.3.1/../../../../arm-none-eabi/lib/thumb/v7-m/nofp\libc_nano.a(lib_a-init.o)
 .ARM.attributes
                0x000000000000025a       0x2d c:/st/stm32cubeide_1.12.1/stm32cubeide/plugins/com.st.stm32cube.ide.mcu.externaltools.gnu-tools-for-stm32.10.3-2021.10.win32_1.0.200.202301161003/tools/bin/../lib/gcc/arm-none-eabi/10.3.1/../../../../arm-none-eabi/lib/thumb/v7-m/nofp\libc_nano.a(lib_a-memset.o)
 .ARM.attributes
                0x0000000000000287       0x1d c:/st/stm32cubeide_1.12.1/stm32cubeide/plugins/com.st.stm32cube.ide.mcu.externaltools.gnu-tools-for-stm32.10.3-2021.10.win32_1.0.200.202301161003/tools/bin/../lib/gcc/arm-none-eabi/10.3.1/thumb/v7-m/nofp/crtn.o
OUTPUT(ring_buffer.elf elf32-littlearm)
LOAD linker stubs
LOAD c:/st/stm32cubeide_1.12.1/stm32cubeide/plugins/com.st.stm32cube.ide.mcu.externaltools.gnu-tools-for-stm32.10.3-2021.10.win32_1.0.200.202301161003/tools/bin/../lib/gcc/arm-none-eabi/10.3.1/../../../../arm-none-eabi/lib/thumb/v7-m/nofp\libc.a
LOAD c:/st/stm32cubeide_1.12.1/stm32cubeide/plugins/com.st.stm32cube.ide.mcu.externaltools.gnu-tools-for-stm32.10.3-2021.10.win32_1.0.200.202301161003/tools/bin/../lib/gcc/arm-none-eabi/10.3.1/../../../../arm-none-eabi/lib/thumb/v7-m/nofp\libm.a
LOAD c:/st/stm32cubeide_1.12.1/stm32cubeide/plugins/com.st.stm32cube.ide.mcu.externaltools.gnu-tools-for-stm32.10.3-2021.10.win32_1.0.200.202301161003/tools/bin/../lib/gcc/arm-none-eabi/10.3.1/thumb/v7-m/nofp\libgcc.a

.debug_info     0x0000000000000000     0x780b
 .debug_info    0x0000000000000000      0x863 ./Core/Src/UartRingbuffer.o
 .debug_info    0x0000000000000863      0xa8d ./Core/Src/main.o
 .debug_info    0x00000000000012f0      0xa01 ./Core/Src/stm32f1xx_hal_msp.o
 .debug_info    0x0000000000001cf1      0x63b ./Core/Src/stm32f1xx_it.o
 .debug_info    0x000000000000232c      0x23d ./Core/Src/system_stm32f1xx.o
 .debug_info    0x0000000000002569       0x22 ./Core/Startup/startup_stm32f103c8tx.o
 .debug_info    0x000000000000258b      0x734 ./Drivers/STM32F1xx_HAL_Driver/Src/stm32f1xx_hal.o
 .debug_info    0x0000000000002cbf      0xb20 ./Drivers/STM32F1xx_HAL_Driver/Src/stm32f1xx_hal_cortex.o
 .debug_info    0x00000000000037df      0x615 ./Drivers/STM32F1xx_HAL_Driver/Src/stm32f1xx_hal_gpio.o
 .debug_info    0x0000000000003df4      0x865 ./Drivers/STM32F1xx_HAL_Driver/Src/stm32f1xx_hal_rcc.o
 .debug_info    0x0000000000004659     0x31b2 ./Drivers/STM32F1xx_HAL_Driver/Src/stm32f1xx_hal_uart.o

.debug_abbrev   0x0000000000000000     0x155c
 .debug_abbrev  0x0000000000000000      0x25e ./Core/Src/UartRingbuffer.o
 .debug_abbrev  0x000000000000025e      0x268 ./Core/Src/main.o
 .debug_abbrev  0x00000000000004c6      0x1b9 ./Core/Src/stm32f1xx_hal_msp.o
 .debug_abbrev  0x000000000000067f      0x166 ./Core/Src/stm32f1xx_it.o
 .debug_abbrev  0x00000000000007e5      0x13b ./Core/Src/system_stm32f1xx.o
 .debug_abbrev  0x0000000000000920       0x12 ./Core/Startup/startup_stm32f103c8tx.o
 .debug_abbrev  0x0000000000000932      0x1fb ./Drivers/STM32F1xx_HAL_Driver/Src/stm32f1xx_hal.o
 .debug_abbrev  0x0000000000000b2d      0x2ed ./Drivers/STM32F1xx_HAL_Driver/Src/stm32f1xx_hal_cortex.o
 .debug_abbrev  0x0000000000000e1a      0x1bb ./Drivers/STM32F1xx_HAL_Driver/Src/stm32f1xx_hal_gpio.o
 .debug_abbrev  0x0000000000000fd5      0x2a8 ./Drivers/STM32F1xx_HAL_Driver/Src/stm32f1xx_hal_rcc.o
 .debug_abbrev  0x000000000000127d      0x2df ./Drivers/STM32F1xx_HAL_Driver/Src/stm32f1xx_hal_uart.o

.debug_aranges  0x0000000000000000      0x650
 .debug_aranges
                0x0000000000000000       0x58 ./Core/Src/UartRingbuffer.o
 .debug_aranges
                0x0000000000000058       0x40 ./Core/Src/main.o
 .debug_aranges
                0x0000000000000098       0x30 ./Core/Src/stm32f1xx_hal_msp.o
 .debug_aranges
                0x00000000000000c8       0x68 ./Core/Src/stm32f1xx_it.o
 .debug_aranges
                0x0000000000000130       0x28 ./Core/Src/system_stm32f1xx.o
 .debug_aranges
                0x0000000000000158       0x28 ./Core/Startup/startup_stm32f103c8tx.o
 .debug_aranges
                0x0000000000000180       0xe0 ./Drivers/STM32F1xx_HAL_Driver/Src/stm32f1xx_hal.o
 .debug_aranges
                0x0000000000000260      0x100 ./Drivers/STM32F1xx_HAL_Driver/Src/stm32f1xx_hal_cortex.o
 .debug_aranges
                0x0000000000000360       0x58 ./Drivers/STM32F1xx_HAL_Driver/Src/stm32f1xx_hal_gpio.o
 .debug_aranges
                0x00000000000003b8       0x90 ./Drivers/STM32F1xx_HAL_Driver/Src/stm32f1xx_hal_rcc.o
 .debug_aranges
                0x0000000000000448      0x208 ./Drivers/STM32F1xx_HAL_Driver/Src/stm32f1xx_hal_uart.o

.debug_ranges   0x0000000000000000      0x5d8
 .debug_ranges  0x0000000000000000       0x48 ./Core/Src/UartRingbuffer.o
 .debug_ranges  0x0000000000000048       0x30 ./Core/Src/main.o
 .debug_ranges  0x0000000000000078       0x20 ./Core/Src/stm32f1xx_hal_msp.o
 .debug_ranges  0x0000000000000098       0x58 ./Core/Src/stm32f1xx_it.o
 .debug_ranges  0x00000000000000f0       0x18 ./Core/Src/system_stm32f1xx.o
 .debug_ranges  0x0000000000000108       0x20 ./Core/Startup/startup_stm32f103c8tx.o
 .debug_ranges  0x0000000000000128       0xd0 ./Drivers/STM32F1xx_HAL_Driver/Src/stm32f1xx_hal.o
 .debug_ranges  0x00000000000001f8       0xf0 ./Drivers/STM32F1xx_HAL_Driver/Src/stm32f1xx_hal_cortex.o
 .debug_ranges  0x00000000000002e8       0x48 ./Drivers/STM32F1xx_HAL_Driver/Src/stm32f1xx_hal_gpio.o
 .debug_ranges  0x0000000000000330       0x80 ./Drivers/STM32F1xx_HAL_Driver/Src/stm32f1xx_hal_rcc.o
 .debug_ranges  0x00000000000003b0      0x228 ./Drivers/STM32F1xx_HAL_Driver/Src/stm32f1xx_hal_uart.o

.debug_macro    0x0000000000000000    0x166f7
 .debug_macro   0x0000000000000000      0x278 ./Core/Src/UartRingbuffer.o
 .debug_macro   0x0000000000000278      0xa6c ./Core/Src/UartRingbuffer.o
 .debug_macro   0x0000000000000ce4      0x215 ./Core/Src/UartRingbuffer.o
 .debug_macro   0x0000000000000ef9       0x2e ./Core/Src/UartRingbuffer.o
 .debug_macro   0x0000000000000f27       0x22 ./Core/Src/UartRingbuffer.o
 .debug_macro   0x0000000000000f49       0x22 ./Core/Src/UartRingbuffer.o
 .debug_macro   0x0000000000000f6b       0x8e ./Core/Src/UartRingbuffer.o
 .debug_macro   0x0000000000000ff9       0x51 ./Core/Src/UartRingbuffer.o
 .debug_macro   0x000000000000104a      0x103 ./Core/Src/UartRingbuffer.o
 .debug_macro   0x000000000000114d       0x6a ./Core/Src/UartRingbuffer.o
 .debug_macro   0x00000000000011b7      0x1df ./Core/Src/UartRingbuffer.o
 .debug_macro   0x0000000000001396       0x1c ./Core/Src/UartRingbuffer.o
 .debug_macro   0x00000000000013b2       0x22 ./Core/Src/UartRingbuffer.o
 .debug_macro   0x00000000000013d4       0xbd ./Core/Src/UartRingbuffer.o
 .debug_macro   0x0000000000001491      0xd23 ./Core/Src/UartRingbuffer.o
 .debug_macro   0x00000000000021b4     0xe09e ./Core/Src/UartRingbuffer.o
 .debug_macro   0x0000000000010252       0x6d ./Core/Src/UartRingbuffer.o
 .debug_macro   0x00000000000102bf     0x348d ./Core/Src/UartRingbuffer.o
 .debug_macro   0x000000000001374c      0x174 ./Core/Src/UartRingbuffer.o
 .debug_macro   0x00000000000138c0       0x5c ./Core/Src/UartRingbuffer.o
 .debug_macro   0x000000000001391c      0x5bc ./Core/Src/UartRingbuffer.o
 .debug_macro   0x0000000000013ed8      0x289 ./Core/Src/UartRingbuffer.o
 .debug_macro   0x0000000000014161      0x1cb ./Core/Src/UartRingbuffer.o
 .debug_macro   0x000000000001432c      0x114 ./Core/Src/UartRingbuffer.o
 .debug_macro   0x0000000000014440      0x1b2 ./Core/Src/UartRingbuffer.o
 .debug_macro   0x00000000000145f2       0x27 ./Core/Src/UartRingbuffer.o
 .debug_macro   0x0000000000014619      0x136 ./Core/Src/UartRingbuffer.o
 .debug_macro   0x000000000001474f      0x1bc ./Core/Src/UartRingbuffer.o
 .debug_macro   0x000000000001490b       0x34 ./Core/Src/UartRingbuffer.o
 .debug_macro   0x000000000001493f       0x3c ./Core/Src/UartRingbuffer.o
 .debug_macro   0x000000000001497b       0x57 ./Core/Src/UartRingbuffer.o
 .debug_macro   0x00000000000149d2       0x87 ./Core/Src/UartRingbuffer.o
 .debug_macro   0x0000000000014a59      0x240 ./Core/Src/UartRingbuffer.o
 .debug_macro   0x0000000000014c99      0x140 ./Core/Src/UartRingbuffer.o
 .debug_macro   0x0000000000014dd9      0x28e ./Core/Src/UartRingbuffer.o
 .debug_macro   0x0000000000015067       0x83 ./Core/Src/UartRingbuffer.o
 .debug_macro   0x00000000000150ea       0x52 ./Core/Src/UartRingbuffer.o
 .debug_macro   0x000000000001513c       0x18 ./Core/Src/UartRingbuffer.o
 .debug_macro   0x0000000000015154       0x3c ./Core/Src/UartRingbuffer.o
 .debug_macro   0x0000000000015190       0x34 ./Core/Src/UartRingbuffer.o
 .debug_macro   0x00000000000151c4       0x16 ./Core/Src/UartRingbuffer.o
 .debug_macro   0x00000000000151da       0x43 ./Core/Src/UartRingbuffer.o
 .debug_macro   0x000000000001521d       0x34 ./Core/Src/UartRingbuffer.o
 .debug_macro   0x0000000000015251       0x10 ./Core/Src/UartRingbuffer.o
 .debug_macro   0x0000000000015261       0x58 ./Core/Src/UartRingbuffer.o
 .debug_macro   0x00000000000152b9       0x71 ./Core/Src/UartRingbuffer.o
 .debug_macro   0x000000000001532a       0x1c ./Core/Src/UartRingbuffer.o
 .debug_macro   0x0000000000015346      0x12a ./Core/Src/UartRingbuffer.o
 .debug_macro   0x0000000000015470      0x341 ./Core/Src/UartRingbuffer.o
 .debug_macro   0x00000000000157b1       0x10 ./Core/Src/UartRingbuffer.o
 .debug_macro   0x00000000000157c1       0x35 ./Core/Src/UartRingbuffer.o
 .debug_macro   0x00000000000157f6       0x20 ./Core/Src/UartRingbuffer.o
 .debug_macro   0x0000000000015816      0x1a1 ./Core/Src/main.o
 .debug_macro   0x00000000000159b7       0x10 ./Core/Src/main.o
 .debug_macro   0x00000000000159c7      0x198 ./Core/Src/stm32f1xx_hal_msp.o
 .debug_macro   0x0000000000015b5f      0x1a2 ./Core/Src/stm32f1xx_it.o
 .debug_macro   0x0000000000015d01      0x18e ./Core/Src/system_stm32f1xx.o
 .debug_macro   0x0000000000015e8f      0x1b2 ./Drivers/STM32F1xx_HAL_Driver/Src/stm32f1xx_hal.o
 .debug_macro   0x0000000000016041      0x18e ./Drivers/STM32F1xx_HAL_Driver/Src/stm32f1xx_hal_cortex.o
 .debug_macro   0x00000000000161cf      0x1f9 ./Drivers/STM32F1xx_HAL_Driver/Src/stm32f1xx_hal_gpio.o
 .debug_macro   0x00000000000163c8      0x1a0 ./Drivers/STM32F1xx_HAL_Driver/Src/stm32f1xx_hal_rcc.o
 .debug_macro   0x0000000000016568      0x18f ./Drivers/STM32F1xx_HAL_Driver/Src/stm32f1xx_hal_uart.o

.debug_line     0x0000000000000000     0x78a5
 .debug_line    0x0000000000000000      0x9d3 ./Core/Src/UartRingbuffer.o
 .debug_line    0x00000000000009d3      0x73f ./Core/Src/main.o
 .debug_line    0x0000000000001112      0x69f ./Core/Src/stm32f1xx_hal_msp.o
 .debug_line    0x00000000000017b1      0x725 ./Core/Src/stm32f1xx_it.o
 .debug_line    0x0000000000001ed6      0x6c7 ./Core/Src/system_stm32f1xx.o
 .debug_line    0x000000000000259d       0x86 ./Core/Startup/startup_stm32f103c8tx.o
 .debug_line    0x0000000000002623      0x8f4 ./Drivers/STM32F1xx_HAL_Driver/Src/stm32f1xx_hal.o
 .debug_line    0x0000000000002f17      0xadc ./Drivers/STM32F1xx_HAL_Driver/Src/stm32f1xx_hal_cortex.o
 .debug_line    0x00000000000039f3      0x98d ./Drivers/STM32F1xx_HAL_Driver/Src/stm32f1xx_hal_gpio.o
 .debug_line    0x0000000000004380      0xd00 ./Drivers/STM32F1xx_HAL_Driver/Src/stm32f1xx_hal_rcc.o
 .debug_line    0x0000000000005080     0x2825 ./Drivers/STM32F1xx_HAL_Driver/Src/stm32f1xx_hal_uart.o

.debug_str      0x0000000000000000    0x80fe4
 .debug_str     0x0000000000000000    0x7f6c9 ./Core/Src/UartRingbuffer.o
                                      0x7fa8e (size before relaxing)
 .debug_str     0x000000000007f6c9      0x2e7 ./Core/Src/main.o
                                      0x7ce52 (size before relaxing)
 .debug_str     0x000000000007f9b0      0x338 ./Core/Src/stm32f1xx_hal_msp.o
                                      0x7cf46 (size before relaxing)
 .debug_str     0x000000000007fce8       0xdb ./Core/Src/stm32f1xx_it.o
                                      0x7cbeb (size before relaxing)
 .debug_str     0x000000000007fdc3       0x7e ./Core/Src/system_stm32f1xx.o
                                      0x7c7d1 (size before relaxing)
 .debug_str     0x000000000007fe41       0x36 ./Core/Startup/startup_stm32f103c8tx.o
                                         0x51 (size before relaxing)
 .debug_str     0x000000000007fe77      0x384 ./Drivers/STM32F1xx_HAL_Driver/Src/stm32f1xx_hal.o
                                      0x7cf04 (size before relaxing)
 .debug_str     0x00000000000801fb      0x294 ./Drivers/STM32F1xx_HAL_Driver/Src/stm32f1xx_hal_cortex.o
                                      0x7ce50 (size before relaxing)
 .debug_str     0x000000000008048f      0x2d3 ./Drivers/STM32F1xx_HAL_Driver/Src/stm32f1xx_hal_gpio.o
                                      0x7cb57 (size before relaxing)
 .debug_str     0x0000000000080762      0x229 ./Drivers/STM32F1xx_HAL_Driver/Src/stm32f1xx_hal_rcc.o
                                      0x7cc00 (size before relaxing)
 .debug_str     0x000000000008098b      0x659 ./Drivers/STM32F1xx_HAL_Driver/Src/stm32f1xx_hal_uart.o
                                      0x7d271 (size before relaxing)

.comment        0x0000000000000000       0x50
 .comment       0x0000000000000000       0x50 ./Core/Src/UartRingbuffer.o
                                         0x51 (size before relaxing)
 .comment       0x0000000000000050       0x51 ./Core/Src/main.o
 .comment       0x0000000000000050       0x51 ./Core/Src/stm32f1xx_hal_msp.o
 .comment       0x0000000000000050       0x51 ./Core/Src/stm32f1xx_it.o
 .comment       0x0000000000000050       0x51 ./Core/Src/system_stm32f1xx.o
 .comment       0x0000000000000050       0x51 ./Drivers/STM32F1xx_HAL_Driver/Src/stm32f1xx_hal.o
 .comment       0x0000000000000050       0x51 ./Drivers/STM32F1xx_HAL_Driver/Src/stm32f1xx_hal_cortex.o
 .comment       0x0000000000000050       0x51 ./Drivers/STM32F1xx_HAL_Driver/Src/stm32f1xx_hal_gpio.o
 .comment       0x0000000000000050       0x51 ./Drivers/STM32F1xx_HAL_Driver/Src/stm32f1xx_hal_rcc.o
 .comment       0x0000000000000050       0x51 ./Drivers/STM32F1xx_HAL_Driver/Src/stm32f1xx_hal_uart.o

.debug_frame    0x0000000000000000     0x1828
 .debug_frame   0x0000000000000000      0x134 ./Core/Src/UartRingbuffer.o
 .debug_frame   0x0000000000000134       0xac ./Core/Src/main.o
 .debug_frame   0x00000000000001e0       0x80 ./Core/Src/stm32f1xx_hal_msp.o
 .debug_frame   0x0000000000000260      0x120 ./Core/Src/stm32f1xx_it.o
 .debug_frame   0x0000000000000380       0x58 ./Core/Src/system_stm32f1xx.o
 .debug_frame   0x00000000000003d8      0x334 ./Drivers/STM32F1xx_HAL_Driver/Src/stm32f1xx_hal.o
 .debug_frame   0x000000000000070c      0x428 ./Drivers/STM32F1xx_HAL_Driver/Src/stm32f1xx_hal_cortex.o
 .debug_frame   0x0000000000000b34      0x14c ./Drivers/STM32F1xx_HAL_Driver/Src/stm32f1xx_hal_gpio.o
 .debug_frame   0x0000000000000c80      0x218 ./Drivers/STM32F1xx_HAL_Driver/Src/stm32f1xx_hal_rcc.o
 .debug_frame   0x0000000000000e98      0x944 ./Drivers/STM32F1xx_HAL_Driver/Src/stm32f1xx_hal_uart.o
 .debug_frame   0x00000000000017dc       0x2c c:/st/stm32cubeide_1.12.1/stm32cubeide/plugins/com.st.stm32cube.ide.mcu.externaltools.gnu-tools-for-stm32.10.3-2021.10.win32_1.0.200.202301161003/tools/bin/../lib/gcc/arm-none-eabi/10.3.1/../../../../arm-none-eabi/lib/thumb/v7-m/nofp\libc_nano.a(lib_a-init.o)
 .debug_frame   0x0000000000001808       0x20 c:/st/stm32cubeide_1.12.1/stm32cubeide/plugins/com.st.stm32cube.ide.mcu.externaltools.gnu-tools-for-stm32.10.3-2021.10.win32_1.0.200.202301161003/tools/bin/../lib/gcc/arm-none-eabi/10.3.1/../../../../arm-none-eabi/lib/thumb/v7-m/nofp\libc_nano.a(lib_a-memset.o)
