../Core/Src/main.c:69:6:DELAY_TIM_Us	16	static
../Core/Src/main.c:75:6:DELAY_TIM_Ms	16	static
../Core/Src/main.c:88:6:Uart_Send_String	16	static
../Core/Src/main.c:94:6:Uart_Send_Float	16	static
../Core/Src/main.c:100:13:Set_Pin_Output	24	static
../Core/Src/main.c:109:13:Set_Pin_Input	24	static
../Core/Src/main.c:118:6:DHT11_Start	8	static
../Core/Src/main.c:126:9:Check_Response	16	static
../Core/Src/main.c:143:9:DHT11_Read	16	static
../Core/Src/main.c:160:6:DHT11_ReadTempHumi	16	static
../Core/Src/main.c:194:5:main	8	static
../Core/Src/main.c:244:6:SystemClock_Config	72	static
../Core/Src/main.c:284:13:MX_TIM4_Init	32	static
../Core/Src/main.c:329:13:MX_USART1_UART_Init	8	static
../Core/Src/main.c:362:13:MX_GPIO_Init	40	static
../Core/Src/main.c:406:6:Error_Handler	4	static,ignoring_inline_asm
