../Core/Src/matrix.c:108:6:Init	8	static
../Core/Src/matrix.c:116:6:Shiftbyte	24	static
../Core/Src/matrix.c:128:6:SendAddrDat	16	static
../Core/Src/matrix.c:135:6:Print_Text	24	static
../Core/Src/matrix.c:140:6:Print_CharMatrix_LEFT	32	static
../Core/Src/matrix.c:149:6:Print_CharMatrix_RIGHT	32	static
../Core/Src/matrix.c:158:6:Print_StringMatrix	32	static
../Core/Src/matrix.c:171:6:Print_StringMatrix_UP3	128	static
../Core/Src/matrix.c:190:6:Print_StringMatrix_UP	24	static
../Core/Src/matrix.c:198:6:Print_StringMatrix_DOWN	24	static
