../Core/Src/stm32f1xx_it.c:113:6:NMI_Handler	4	static
../Core/Src/stm32f1xx_it.c:128:6:HardFault_Handler	4	static
../Core/Src/stm32f1xx_it.c:143:6:MemManage_Handler	4	static
../Core/Src/stm32f1xx_it.c:158:6:BusFault_Handler	4	static
../Core/Src/stm32f1xx_it.c:173:6:UsageFault_Handler	4	static
../Core/Src/stm32f1xx_it.c:188:6:SVC_Handler	4	static
../Core/Src/stm32f1xx_it.c:201:6:DebugMon_Handler	4	static
../Core/Src/stm32f1xx_it.c:214:6:PendSV_Handler	4	static
../Core/Src/stm32f1xx_it.c:227:6:SysTick_Handler	8	static
../Core/Src/stm32f1xx_it.c:254:6:USB_LP_CAN1_RX0_IRQHandler	8	static
