09:28:05 **** Incremental Build of configuration Debug for project DHT11 ****
make -j2 all 
arm-none-eabi-gcc "../Core/Src/main.c" -mcpu=cortex-m3 -std=gnu11 -g3 -DDEBUG -DUSE_HAL_DRIVER -DSTM32F103xB -c -I../Core/Inc -I../Drivers/STM32F1xx_HAL_Driver/Inc/Legacy -I../Drivers/STM32F1xx_HAL_Driver/Inc -I../Drivers/CMSIS/Device/ST/STM32F1xx/Include -I../Drivers/CMSIS/Include -O0 -ffunction-sections -fdata-sections -Wall -fstack-usage -fcyclomatic-complexity -MMD -MP -MF"Core/Src/main.d" -MT"Core/Src/main.o" --specs=nano.specs -mfloat-abi=soft -mthumb -o "Core/Src/main.o"
arm-none-eabi-g++ -o "DHT11.elf" @"objects.list"   -mcpu=cortex-m3 -T"C:\Users\TAMRD\Documents\STM32_HAL\DHT11\STM32F103C8TX_FLASH.ld" --specs=nosys.specs -Wl,-Map="DHT11.map" -Wl,--gc-sections -static --specs=nano.specs -mfloat-abi=soft -mthumb -u _printf_float -u _scanf_float -Wl,--start-group -lc -lm -lstdc++ -lsupc++ -Wl,--end-group
Finished building target: DHT11.elf
 
arm-none-eabi-size   DHT11.elf 
arm-none-eabi-objdump -h -S  DHT11.elf  > "DHT11.list"
   text	   data	    bss	    dec	    hex	filename
  33592	    476	   2100	  36168	   8d48	DHT11.elf
Finished building: default.size.stdout
 
Finished building: DHT11.list
 

09:28:06 Build Finished. 0 errors, 0 warnings. (took 1s.254ms)

