15:53:58 **** Incremental Build of configuration Debug for project FPM_EOL ****
make -j2 all 
arm-none-eabi-gcc "../Core/Src/stm32f1xx_it.c" -mcpu=cortex-m3 -std=gnu11 -g3 -DDEBUG -DUSE_HAL_DRIVER -DSTM32F103xB -c -I../Core/Inc -I../Drivers/STM32F1xx_HAL_Driver/Inc/Legacy -I../Drivers/STM32F1xx_HAL_Driver/Inc -I../Drivers/CMSIS/Device/ST/STM32F1xx/Include -I../Drivers/CMSIS/Include -O0 -ffunction-sections -fdata-sections -Wall -fstack-usage -fcyclomatic-complexity -MMD -MP -MF"Core/Src/stm32f1xx_it.d" -MT"Core/Src/stm32f1xx_it.o" --specs=nano.specs -mfloat-abi=soft -mthumb -o "Core/Src/stm32f1xx_it.o"
arm-none-eabi-gcc -o "FPM_EOL.elf" @"objects.list"   -mcpu=cortex-m3 -T"C:\Users\TAMRD\Documents\Documents\CAN\FPM_EOL\STM32F103C8TX_FLASH.ld" --specs=nosys.specs -Wl,-Map="FPM_EOL.map" -Wl,--gc-sections -static --specs=nano.specs -mfloat-abi=soft -mthumb -Wl,--start-group -lc -lm -Wl,--end-group
Finished building target: FPM_EOL.elf
 
arm-none-eabi-size   FPM_EOL.elf 
arm-none-eabi-objdump -h -S  FPM_EOL.elf  > "FPM_EOL.list"
   text	   data	    bss	    dec	    hex	filename
  13504	     20	   1908	  15432	   3c48	FPM_EOL.elf
Finished building: default.size.stdout
 
Finished building: FPM_EOL.list
 

15:54:01 Build Finished. 0 errors, 0 warnings. (took 2s.870ms)

