16:05:35 **** Incremental Build of configuration Debug for project FreeRTOS_project ****
make -j2 all 
arm-none-eabi-gcc "../Core/Src/main.c" -mcpu=cortex-m3 -std=gnu11 -g3 -DDEBUG -DUSE_HAL_DRIVER -DSTM32F103xB -c -I../Core/Inc -I../Drivers/STM32F1xx_HAL_Driver/Inc/Legacy -I../Drivers/STM32F1xx_HAL_Driver/Inc -I../Drivers/CMSIS/Device/ST/STM32F1xx/Include -I../Drivers/CMSIS/Include -I../Middlewares/Third_Party/FreeRTOS/Source/include -I../Middlewares/Third_Party/FreeRTOS/Source/CMSIS_RTOS_V2 -I../Middlewares/Third_Party/FreeRTOS/Source/portable/GCC/ARM_CM3 -O0 -ffunction-sections -fdata-sections -Wall -fstack-usage -fcyclomatic-complexity -MMD -MP -MF"Core/Src/main.d" -MT"Core/Src/main.o" --specs=nano.specs -mfloat-abi=soft -mthumb -o "Core/Src/main.o"
arm-none-eabi-gcc -o "FreeRTOS_project.elf" @"objects.list"   -mcpu=cortex-m3 -T"C:\Users\TAMRD\Documents\STM32_HAL\FreeRTOS_project\STM32F103C8TX_FLASH.ld" --specs=nosys.specs -Wl,-Map="FreeRTOS_project.map" -Wl,--gc-sections -static --specs=nano.specs -mfloat-abi=soft -mthumb -Wl,--start-group -lc -lm -Wl,--end-group
Finished building target: FreeRTOS_project.elf
 
arm-none-eabi-size   FreeRTOS_project.elf 
arm-none-eabi-objdump -h -S  FreeRTOS_project.elf  > "FreeRTOS_project.list"
   text	   data	    bss	    dec	    hex	filename
  15592	     24	   8048	  23664	   5c70	FreeRTOS_project.elf
Finished building: default.size.stdout
 
Finished building: FreeRTOS_project.list
 

16:05:39 Build Finished. 0 errors, 0 warnings. (took 3s.869ms)

