15:51:44 **** Incremental Build of configuration Debug for project FPM_EOL ****
make -j2 all 
arm-none-eabi-size   FPM_EOL.elf 
   text	   data	    bss	    dec	    hex	filename
  13184	    100	   2324	  15608	   3cf8	FPM_EOL.elf
Finished building: default.size.stdout
 
15:51:47 **** Incremental Build of configuration Debug for project FPM_EOL ****
make -j2 all 
arm-none-eabi-size   FPM_EOL.elf 
   text	   data	    bss	    dec	    hex	filename
  13184	    100	   2324	  15608	   3cf8	FPM_EOL.elf
Finished building: default.size.stdout
 
15:55:01 **** Incremental Build of configuration Debug for project FPM_EOL ****
make -j2 all 
arm-none-eabi-gcc "../Core/Src/main.c" -mcpu=cortex-m3 -std=gnu11 -g3 -DDEBUG -DUSE_HAL_DRIVER -DSTM32F103xB -c -I../Core/Inc -I../Drivers/STM32F1xx_HAL_Driver/Inc/Legacy -I../Drivers/STM32F1xx_HAL_Driver/Inc -I../Drivers/CMSIS/Device/ST/STM32F1xx/Include -I../Drivers/CMSIS/Include -O0 -ffunction-sections -fdata-sections -Wall -fstack-usage -fcyclomatic-complexity -MMD -MP -MF"Core/Src/main.d" -MT"Core/Src/main.o" --specs=nano.specs -mfloat-abi=soft -mthumb -o "Core/Src/main.o"
arm-none-eabi-gcc -o "FPM_EOL.elf" @"objects.list"   -mcpu=cortex-m3 -T"C:\Users\TAMRD\Documents\Documents\CAN\FPM_EOL\STM32F103C8TX_FLASH.ld" --specs=nosys.specs -Wl,-Map="FPM_EOL.map" -Wl,--gc-sections -static --specs=nano.specs -mfloat-abi=soft -mthumb -Wl,--start-group -lc -lm -Wl,--end-group
Finished building target: FPM_EOL.elf
 
arm-none-eabi-size   FPM_EOL.elf 
arm-none-eabi-objdump -h -S  FPM_EOL.elf  > "FPM_EOL.list"
   text	   data	    bss	    dec	    hex	filename
  13240	    100	   2348	  15688	   3d48	FPM_EOL.elf
Finished building: default.size.stdout
 
Finished building: FPM_EOL.list
 
15:56:32 **** Incremental Build of configuration Debug for project FPM_EOL ****
make -j2 all 
arm-none-eabi-gcc "../Core/Src/main.c" -mcpu=cortex-m3 -std=gnu11 -g3 -DDEBUG -DUSE_HAL_DRIVER -DSTM32F103xB -c -I../Core/Inc -I../Drivers/STM32F1xx_HAL_Driver/Inc/Legacy -I../Drivers/STM32F1xx_HAL_Driver/Inc -I../Drivers/CMSIS/Device/ST/STM32F1xx/Include -I../Drivers/CMSIS/Include -O0 -ffunction-sections -fdata-sections -Wall -fstack-usage -fcyclomatic-complexity -MMD -MP -MF"Core/Src/main.d" -MT"Core/Src/main.o" --specs=nano.specs -mfloat-abi=soft -mthumb -o "Core/Src/main.o"
arm-none-eabi-gcc -o "FPM_EOL.elf" @"objects.list"   -mcpu=cortex-m3 -T"C:\Users\TAMRD\Documents\Documents\CAN\FPM_EOL\STM32F103C8TX_FLASH.ld" --specs=nosys.specs -Wl,-Map="FPM_EOL.map" -Wl,--gc-sections -static --specs=nano.specs -mfloat-abi=soft -mthumb -Wl,--start-group -lc -lm -Wl,--end-group
Finished building target: FPM_EOL.elf
 
arm-none-eabi-size   FPM_EOL.elf 
arm-none-eabi-objdump -h -S  FPM_EOL.elf  > "FPM_EOL.list"
   text	   data	    bss	    dec	    hex	filename
  13240	    100	   2348	  15688	   3d48	FPM_EOL.elf
Finished building: default.size.stdout
 
Finished building: FPM_EOL.list
 
16:12:11 **** Incremental Build of configuration Debug for project FPM_EOL ****
make -j2 all 
arm-none-eabi-gcc "../Core/Src/main.c" -mcpu=cortex-m3 -std=gnu11 -g3 -DDEBUG -DUSE_HAL_DRIVER -DSTM32F103xB -c -I../Core/Inc -I../Drivers/STM32F1xx_HAL_Driver/Inc/Legacy -I../Drivers/STM32F1xx_HAL_Driver/Inc -I../Drivers/CMSIS/Device/ST/STM32F1xx/Include -I../Drivers/CMSIS/Include -O0 -ffunction-sections -fdata-sections -Wall -fstack-usage -fcyclomatic-complexity -MMD -MP -MF"Core/Src/main.d" -MT"Core/Src/main.o" --specs=nano.specs -mfloat-abi=soft -mthumb -o "Core/Src/main.o"
arm-none-eabi-gcc -o "FPM_EOL.elf" @"objects.list"   -mcpu=cortex-m3 -T"C:\Users\TAMRD\Documents\Documents\CAN\FPM_EOL\STM32F103C8TX_FLASH.ld" --specs=nosys.specs -Wl,-Map="FPM_EOL.map" -Wl,--gc-sections -static --specs=nano.specs -mfloat-abi=soft -mthumb -Wl,--start-group -lc -lm -Wl,--end-group
Finished building target: FPM_EOL.elf
 
arm-none-eabi-size   FPM_EOL.elf 
arm-none-eabi-objdump -h -S  FPM_EOL.elf  > "FPM_EOL.list"
   text	   data	    bss	    dec	    hex	filename
  12988	    100	   2324	  15412	   3c34	FPM_EOL.elf
Finished building: default.size.stdout
 
Finished building: FPM_EOL.list
 
16:13:11 **** Incremental Build of configuration Debug for project FPM_EOL ****
make -j2 all 
arm-none-eabi-gcc "../Core/Src/main.c" -mcpu=cortex-m3 -std=gnu11 -g3 -DDEBUG -DUSE_HAL_DRIVER -DSTM32F103xB -c -I../Core/Inc -I../Drivers/STM32F1xx_HAL_Driver/Inc/Legacy -I../Drivers/STM32F1xx_HAL_Driver/Inc -I../Drivers/CMSIS/Device/ST/STM32F1xx/Include -I../Drivers/CMSIS/Include -O0 -ffunction-sections -fdata-sections -Wall -fstack-usage -fcyclomatic-complexity -MMD -MP -MF"Core/Src/main.d" -MT"Core/Src/main.o" --specs=nano.specs -mfloat-abi=soft -mthumb -o "Core/Src/main.o"
../Core/Src/main.c: In function 'main':
../Core/Src/main.c:296:23: warning: unused variable 'data' [-Wunused-variable]
  296 |                   int data = Uart_read();
      |                       ^~~~
arm-none-eabi-gcc -o "FPM_EOL.elf" @"objects.list"   -mcpu=cortex-m3 -T"C:\Users\TAMRD\Documents\Documents\CAN\FPM_EOL\STM32F103C8TX_FLASH.ld" --specs=nosys.specs -Wl,-Map="FPM_EOL.map" -Wl,--gc-sections -static --specs=nano.specs -mfloat-abi=soft -mthumb -Wl,--start-group -lc -lm -Wl,--end-group
Finished building target: FPM_EOL.elf
 
arm-none-eabi-size   FPM_EOL.elf 
arm-none-eabi-objdump -h -S  FPM_EOL.elf  > "FPM_EOL.list"
   text	   data	    bss	    dec	    hex	filename
  13080	    100	   2324	  15504	   3c90	FPM_EOL.elf
Finished building: default.size.stdout
 
Finished building: FPM_EOL.list
 
16:14:01 **** Incremental Build of configuration Debug for project FPM_EOL ****
make -j2 all 
arm-none-eabi-gcc "../Core/Src/main.c" -mcpu=cortex-m3 -std=gnu11 -g3 -DDEBUG -DUSE_HAL_DRIVER -DSTM32F103xB -c -I../Core/Inc -I../Drivers/STM32F1xx_HAL_Driver/Inc/Legacy -I../Drivers/STM32F1xx_HAL_Driver/Inc -I../Drivers/CMSIS/Device/ST/STM32F1xx/Include -I../Drivers/CMSIS/Include -O0 -ffunction-sections -fdata-sections -Wall -fstack-usage -fcyclomatic-complexity -MMD -MP -MF"Core/Src/main.d" -MT"Core/Src/main.o" --specs=nano.specs -mfloat-abi=soft -mthumb -o "Core/Src/main.o"
arm-none-eabi-gcc -o "FPM_EOL.elf" @"objects.list"   -mcpu=cortex-m3 -T"C:\Users\TAMRD\Documents\Documents\CAN\FPM_EOL\STM32F103C8TX_FLASH.ld" --specs=nosys.specs -Wl,-Map="FPM_EOL.map" -Wl,--gc-sections -static --specs=nano.specs -mfloat-abi=soft -mthumb -Wl,--start-group -lc -lm -Wl,--end-group
Finished building target: FPM_EOL.elf
 
arm-none-eabi-size   FPM_EOL.elf 
arm-none-eabi-objdump -h -S  FPM_EOL.elf  > "FPM_EOL.list"
   text	   data	    bss	    dec	    hex	filename
  13184	    100	   2324	  15608	   3cf8	FPM_EOL.elf
Finished building: default.size.stdout
 
Finished building: FPM_EOL.list
 
16:14:21 **** Incremental Build of configuration Debug for project FPM_EOL ****
make -j2 all 
arm-none-eabi-size   FPM_EOL.elf 
   text	   data	    bss	    dec	    hex	filename
  13184	    100	   2324	  15608	   3cf8	FPM_EOL.elf
Finished building: default.size.stdout
 
16:15:36 **** Incremental Build of configuration Debug for project FPM_EOL ****
make -j2 all 
arm-none-eabi-gcc "../Core/Src/main.c" -mcpu=cortex-m3 -std=gnu11 -g3 -DDEBUG -DUSE_HAL_DRIVER -DSTM32F103xB -c -I../Core/Inc -I../Drivers/STM32F1xx_HAL_Driver/Inc/Legacy -I../Drivers/STM32F1xx_HAL_Driver/Inc -I../Drivers/CMSIS/Device/ST/STM32F1xx/Include -I../Drivers/CMSIS/Include -O0 -ffunction-sections -fdata-sections -Wall -fstack-usage -fcyclomatic-complexity -MMD -MP -MF"Core/Src/main.d" -MT"Core/Src/main.o" --specs=nano.specs -mfloat-abi=soft -mthumb -o "Core/Src/main.o"
../Core/Src/main.c: In function 'main':
../Core/Src/main.c:296:23: warning: unused variable 'data' [-Wunused-variable]
  296 |                   int data = Uart_read();
      |                       ^~~~
arm-none-eabi-gcc -o "FPM_EOL.elf" @"objects.list"   -mcpu=cortex-m3 -T"C:\Users\TAMRD\Documents\Documents\CAN\FPM_EOL\STM32F103C8TX_FLASH.ld" --specs=nosys.specs -Wl,-Map="FPM_EOL.map" -Wl,--gc-sections -static --specs=nano.specs -mfloat-abi=soft -mthumb -Wl,--start-group -lc -lm -Wl,--end-group
Finished building target: FPM_EOL.elf
 
arm-none-eabi-size   FPM_EOL.elf 
arm-none-eabi-objdump -h -S  FPM_EOL.elf  > "FPM_EOL.list"
   text	   data	    bss	    dec	    hex	filename
  13080	    100	   2324	  15504	   3c90	FPM_EOL.elf
Finished building: default.size.stdout
 
Finished building: FPM_EOL.list
 
16:15:52 **** Incremental Build of configuration Debug for project FPM_EOL ****
make -j2 all 
arm-none-eabi-size   FPM_EOL.elf 
   text	   data	    bss	    dec	    hex	filename
  13080	    100	   2324	  15504	   3c90	FPM_EOL.elf
Finished building: default.size.stdout
 
16:17:28 **** Incremental Build of configuration Debug for project FPM_EOL ****
make -j2 all 
arm-none-eabi-gcc "../Core/Src/main.c" -mcpu=cortex-m3 -std=gnu11 -g3 -DDEBUG -DUSE_HAL_DRIVER -DSTM32F103xB -c -I../Core/Inc -I../Drivers/STM32F1xx_HAL_Driver/Inc/Legacy -I../Drivers/STM32F1xx_HAL_Driver/Inc -I../Drivers/CMSIS/Device/ST/STM32F1xx/Include -I../Drivers/CMSIS/Include -O0 -ffunction-sections -fdata-sections -Wall -fstack-usage -fcyclomatic-complexity -MMD -MP -MF"Core/Src/main.d" -MT"Core/Src/main.o" --specs=nano.specs -mfloat-abi=soft -mthumb -o "Core/Src/main.o"
../Core/Src/main.c: In function 'main':
../Core/Src/main.c:296:23: warning: unused variable 'data' [-Wunused-variable]
  296 |                   int data = Uart_read();
      |                       ^~~~
arm-none-eabi-gcc -o "FPM_EOL.elf" @"objects.list"   -mcpu=cortex-m3 -T"C:\Users\TAMRD\Documents\Documents\CAN\FPM_EOL\STM32F103C8TX_FLASH.ld" --specs=nosys.specs -Wl,-Map="FPM_EOL.map" -Wl,--gc-sections -static --specs=nano.specs -mfloat-abi=soft -mthumb -Wl,--start-group -lc -lm -Wl,--end-group
Finished building target: FPM_EOL.elf
 
arm-none-eabi-size   FPM_EOL.elf 
arm-none-eabi-objdump -h -S  FPM_EOL.elf  > "FPM_EOL.list"
   text	   data	    bss	    dec	    hex	filename
  13080	    100	   2324	  15504	   3c90	FPM_EOL.elf
Finished building: default.size.stdout
 
Finished building: FPM_EOL.list
 
16:17:43 **** Incremental Build of configuration Debug for project FPM_EOL ****
make -j2 all 
arm-none-eabi-size   FPM_EOL.elf 
   text	   data	    bss	    dec	    hex	filename
  13080	    100	   2324	  15504	   3c90	FPM_EOL.elf
Finished building: default.size.stdout
 
16:19:15 **** Incremental Build of configuration Debug for project FPM_EOL ****
make -j2 all 
arm-none-eabi-gcc "../Core/Src/stm32f1xx_it.c" -mcpu=cortex-m3 -std=gnu11 -g3 -DDEBUG -DUSE_HAL_DRIVER -DSTM32F103xB -c -I../Core/Inc -I../Drivers/STM32F1xx_HAL_Driver/Inc/Legacy -I../Drivers/STM32F1xx_HAL_Driver/Inc -I../Drivers/CMSIS/Device/ST/STM32F1xx/Include -I../Drivers/CMSIS/Include -O0 -ffunction-sections -fdata-sections -Wall -fstack-usage -fcyclomatic-complexity -MMD -MP -MF"Core/Src/stm32f1xx_it.d" -MT"Core/Src/stm32f1xx_it.o" --specs=nano.specs -mfloat-abi=soft -mthumb -o "Core/Src/stm32f1xx_it.o"
arm-none-eabi-gcc -o "FPM_EOL.elf" @"objects.list"   -mcpu=cortex-m3 -T"C:\Users\TAMRD\Documents\Documents\CAN\FPM_EOL\STM32F103C8TX_FLASH.ld" --specs=nosys.specs -Wl,-Map="FPM_EOL.map" -Wl,--gc-sections -static --specs=nano.specs -mfloat-abi=soft -mthumb -Wl,--start-group -lc -lm -Wl,--end-group
Finished building target: FPM_EOL.elf
 
arm-none-eabi-size   FPM_EOL.elf 
arm-none-eabi-objdump -h -S  FPM_EOL.elf  > "FPM_EOL.list"
   text	   data	    bss	    dec	    hex	filename
  13096	    100	   2324	  15520	   3ca0	FPM_EOL.elf
Finished building: default.size.stdout
 
Finished building: FPM_EOL.list
 
16:53:55 **** Incremental Build of configuration Debug for project FPM_EOL ****
make -j2 all 
arm-none-eabi-size   FPM_EOL.elf 
   text	   data	    bss	    dec	    hex	filename
  13096	    100	   2324	  15520	   3ca0	FPM_EOL.elf
Finished building: default.size.stdout
 
