16:35:30 **** Incremental Build of configuration Debug for project LCD_I2C ****
make -j2 all 
arm-none-eabi-size   LCD_I2C.elf 
   text	   data	    bss	    dec	    hex	filename
  15016	     20	   1652	  16688	   4130	LCD_I2C.elf
Finished building: default.size.stdout
 
14:19:15 **** Incremental Build of configuration Debug for project FPM_EOL ****
make -j2 all 
arm-none-eabi-gcc "../Core/Src/main.c" -mcpu=cortex-m3 -std=gnu11 -g3 -DDEBUG -DUSE_HAL_DRIVER -DSTM32F103xB -c -I../Core/Inc -I../Drivers/STM32F1xx_HAL_Driver/Inc/Legacy -I../Drivers/STM32F1xx_HAL_Driver/Inc -I../Drivers/CMSIS/Device/ST/STM32F1xx/Include -I../Drivers/CMSIS/Include -O0 -ffunction-sections -fdata-sections -Wall -fstack-usage -fcyclomatic-complexity -MMD -MP -MF"Core/Src/main.d" -MT"Core/Src/main.o" --specs=nano.specs -mfloat-abi=soft -mthumb -o "Core/Src/main.o"
arm-none-eabi-gcc -o "FPM_EOL.elf" @"objects.list"   -mcpu=cortex-m3 -T"C:\Users\TAMRD\Documents\Documents\CAN\FPM_EOL\STM32F103C8TX_FLASH.ld" --specs=nosys.specs -Wl,-Map="FPM_EOL.map" -Wl,--gc-sections -static --specs=nano.specs -mfloat-abi=soft -mthumb -Wl,--start-group -lc -lm -Wl,--end-group
Finished building target: FPM_EOL.elf
 
arm-none-eabi-size   FPM_EOL.elf 
arm-none-eabi-objdump -h -S  FPM_EOL.elf  > "FPM_EOL.list"
   text	   data	    bss	    dec	    hex	filename
  13460	     20	   1924	  15404	   3c2c	FPM_EOL.elf
Finished building: default.size.stdout
 
arm-none-eabi-objcopy  -O ihex  FPM_EOL.elf  "FPM_EOL.hex"
Finished building: FPM_EOL.hex
 
arm-none-eabi-objcopy  -O binary  FPM_EOL.elf  "FPM_EOL.bin"
Finished building: FPM_EOL.bin
 
Finished building: FPM_EOL.list
 
