16:56:49 **** Incremental Build of configuration Debug for project DHT11 ****
make -j2 all 
arm-none-eabi-gcc "../Core/Src/main.c" -mcpu=cortex-m3 -std=gnu11 -g3 -DDEBUG -DUSE_HAL_DRIVER -DSTM32F103xB -c -I../Core/Inc -I../Drivers/STM32F1xx_HAL_Driver/Inc/Legacy -I../Drivers/STM32F1xx_HAL_Driver/Inc -I../Drivers/CMSIS/Device/ST/STM32F1xx/Include -I../Drivers/CMSIS/Include -O0 -ffunction-sections -fdata-sections -Wall -fstack-usage -fcyclomatic-complexity -MMD -MP -MF"Core/Src/main.d" -MT"Core/Src/main.o" --specs=nano.specs -mfloat-abi=soft -mthumb -o "Core/Src/main.o"
arm-none-eabi-g++ -o "DHT11.elf" @"objects.list"   -mcpu=cortex-m3 -T"C:\Users\TAMRD\Documents\STM32_HAL\DHT11\STM32F103C8TX_FLASH.ld" --specs=nosys.specs -Wl,-Map="DHT11.map" -Wl,--gc-sections -static --specs=nano.specs -mfloat-abi=soft -mthumb -u _printf_float -u _scanf_float -Wl,--start-group -lc -lm -lstdc++ -lsupc++ -Wl,--end-group
Finished building target: DHT11.elf
 
arm-none-eabi-size   DHT11.elf 
arm-none-eabi-objdump -h -S  DHT11.elf  > "DHT11.list"
   text	   data	    bss	    dec	    hex	filename
  33568	    476	   2100	  36144	   8d30	DHT11.elf
Finished building: default.size.stdout
 
Finished building: DHT11.list
 
16:57:00 **** Incremental Build of configuration Debug for project DHT11 ****
make -j2 all 
arm-none-eabi-size   DHT11.elf 
   text	   data	    bss	    dec	    hex	filename
  33568	    476	   2100	  36144	   8d30	DHT11.elf
Finished building: default.size.stdout
 
16:58:28 **** Incremental Build of configuration Debug for project DHT11 ****
make -j2 all 
arm-none-eabi-size   DHT11.elf 
   text	   data	    bss	    dec	    hex	filename
  33568	    476	   2100	  36144	   8d30	DHT11.elf
Finished building: default.size.stdout
 
08:14:51 **** Incremental Build of configuration Debug for project DHT11 ****
make -j2 all 
arm-none-eabi-size   DHT11.elf 
   text	   data	    bss	    dec	    hex	filename
  33568	    476	   2100	  36144	   8d30	DHT11.elf
Finished building: default.size.stdout
 
08:21:58 **** Incremental Build of configuration Debug for project DHT11 ****
make -j2 all 
arm-none-eabi-size   DHT11.elf 
   text	   data	    bss	    dec	    hex	filename
  33568	    476	   2100	  36144	   8d30	DHT11.elf
Finished building: default.size.stdout
 
08:23:38 **** Incremental Build of configuration Debug for project DHT11 ****
make -j2 all 
arm-none-eabi-gcc "../Core/Src/main.c" -mcpu=cortex-m3 -std=gnu11 -g3 -DDEBUG -DUSE_HAL_DRIVER -DSTM32F103xB -c -I../Core/Inc -I../Drivers/STM32F1xx_HAL_Driver/Inc/Legacy -I../Drivers/STM32F1xx_HAL_Driver/Inc -I../Drivers/CMSIS/Device/ST/STM32F1xx/Include -I../Drivers/CMSIS/Include -O0 -ffunction-sections -fdata-sections -Wall -fstack-usage -fcyclomatic-complexity -MMD -MP -MF"Core/Src/main.d" -MT"Core/Src/main.o" --specs=nano.specs -mfloat-abi=soft -mthumb -o "Core/Src/main.o"
arm-none-eabi-g++ -o "DHT11.elf" @"objects.list"   -mcpu=cortex-m3 -T"C:\Users\TAMRD\Documents\STM32_HAL\DHT11\STM32F103C8TX_FLASH.ld" --specs=nosys.specs -Wl,-Map="DHT11.map" -Wl,--gc-sections -static --specs=nano.specs -mfloat-abi=soft -mthumb -u _printf_float -u _scanf_float -Wl,--start-group -lc -lm -lstdc++ -lsupc++ -Wl,--end-group
Finished building target: DHT11.elf
 
arm-none-eabi-size   DHT11.elf 
arm-none-eabi-objdump -h -S  DHT11.elf  > "DHT11.list"
   text	   data	    bss	    dec	    hex	filename
  32208	    476	   2052	  34736	   87b0	DHT11.elf
Finished building: default.size.stdout
 
Finished building: DHT11.list
 
09:08:37 **** Incremental Build of configuration Debug for project DHT11 ****
make -j2 all 
arm-none-eabi-size   DHT11.elf 
   text	   data	    bss	    dec	    hex	filename
  32208	    476	   2052	  34736	   87b0	DHT11.elf
Finished building: default.size.stdout
 
09:09:24 **** Incremental Build of configuration Debug for project DHT11 ****
make -j2 all 
arm-none-eabi-gcc "../Core/Src/main.c" -mcpu=cortex-m3 -std=gnu11 -g3 -DDEBUG -DUSE_HAL_DRIVER -DSTM32F103xB -c -I../Core/Inc -I../Drivers/STM32F1xx_HAL_Driver/Inc/Legacy -I../Drivers/STM32F1xx_HAL_Driver/Inc -I../Drivers/CMSIS/Device/ST/STM32F1xx/Include -I../Drivers/CMSIS/Include -O0 -ffunction-sections -fdata-sections -Wall -fstack-usage -fcyclomatic-complexity -MMD -MP -MF"Core/Src/main.d" -MT"Core/Src/main.o" --specs=nano.specs -mfloat-abi=soft -mthumb -o "Core/Src/main.o"
arm-none-eabi-g++ -o "DHT11.elf" @"objects.list"   -mcpu=cortex-m3 -T"C:\Users\TAMRD\Documents\STM32_HAL\DHT11\STM32F103C8TX_FLASH.ld" --specs=nosys.specs -Wl,-Map="DHT11.map" -Wl,--gc-sections -static --specs=nano.specs -mfloat-abi=soft -mthumb -u _printf_float -u _scanf_float -Wl,--start-group -lc -lm -lstdc++ -lsupc++ -Wl,--end-group
Finished building target: DHT11.elf
 
arm-none-eabi-size   DHT11.elf 
arm-none-eabi-objdump -h -S  DHT11.elf  > "DHT11.list"
   text	   data	    bss	    dec	    hex	filename
  33568	    476	   2100	  36144	   8d30	DHT11.elf
Finished building: default.size.stdout
 
Finished building: DHT11.list
 
09:12:00 **** Incremental Build of configuration Debug for project DHT11 ****
make -j2 all 
arm-none-eabi-gcc "../Core/Src/main.c" -mcpu=cortex-m3 -std=gnu11 -g3 -DDEBUG -DUSE_HAL_DRIVER -DSTM32F103xB -c -I../Core/Inc -I../Drivers/STM32F1xx_HAL_Driver/Inc/Legacy -I../Drivers/STM32F1xx_HAL_Driver/Inc -I../Drivers/CMSIS/Device/ST/STM32F1xx/Include -I../Drivers/CMSIS/Include -O0 -ffunction-sections -fdata-sections -Wall -fstack-usage -fcyclomatic-complexity -MMD -MP -MF"Core/Src/main.d" -MT"Core/Src/main.o" --specs=nano.specs -mfloat-abi=soft -mthumb -o "Core/Src/main.o"
arm-none-eabi-g++ -o "DHT11.elf" @"objects.list"   -mcpu=cortex-m3 -T"C:\Users\TAMRD\Documents\STM32_HAL\DHT11\STM32F103C8TX_FLASH.ld" --specs=nosys.specs -Wl,-Map="DHT11.map" -Wl,--gc-sections -static --specs=nano.specs -mfloat-abi=soft -mthumb -u _printf_float -u _scanf_float -Wl,--start-group -lc -lm -lstdc++ -lsupc++ -Wl,--end-group
Finished building target: DHT11.elf
 
arm-none-eabi-size   DHT11.elf 
arm-none-eabi-objdump -h -S  DHT11.elf  > "DHT11.list"
   text	   data	    bss	    dec	    hex	filename
  33592	    480	   2104	  36176	   8d50	DHT11.elf
Finished building: default.size.stdout
 
Finished building: DHT11.list
 
09:12:52 **** Incremental Build of configuration Debug for project DHT11 ****
make -j2 all 
arm-none-eabi-size   DHT11.elf 
   text	   data	    bss	    dec	    hex	filename
  33592	    480	   2104	  36176	   8d50	DHT11.elf
Finished building: default.size.stdout
 
09:23:20 **** Incremental Build of configuration Debug for project DHT11 ****
make -j2 all 
arm-none-eabi-size   DHT11.elf 
   text	   data	    bss	    dec	    hex	filename
  33592	    480	   2104	  36176	   8d50	DHT11.elf
Finished building: default.size.stdout
 
09:24:20 **** Incremental Build of configuration Debug for project DHT11 ****
make -j2 all 
arm-none-eabi-size   DHT11.elf 
   text	   data	    bss	    dec	    hex	filename
  33592	    480	   2104	  36176	   8d50	DHT11.elf
Finished building: default.size.stdout
 
09:26:30 **** Incremental Build of configuration Debug for project DHT11 ****
make -j2 all 
arm-none-eabi-gcc "../Core/Src/main.c" -mcpu=cortex-m3 -std=gnu11 -g3 -DDEBUG -DUSE_HAL_DRIVER -DSTM32F103xB -c -I../Core/Inc -I../Drivers/STM32F1xx_HAL_Driver/Inc/Legacy -I../Drivers/STM32F1xx_HAL_Driver/Inc -I../Drivers/CMSIS/Device/ST/STM32F1xx/Include -I../Drivers/CMSIS/Include -O0 -ffunction-sections -fdata-sections -Wall -fstack-usage -fcyclomatic-complexity -MMD -MP -MF"Core/Src/main.d" -MT"Core/Src/main.o" --specs=nano.specs -mfloat-abi=soft -mthumb -o "Core/Src/main.o"
arm-none-eabi-g++ -o "DHT11.elf" @"objects.list"   -mcpu=cortex-m3 -T"C:\Users\TAMRD\Documents\STM32_HAL\DHT11\STM32F103C8TX_FLASH.ld" --specs=nosys.specs -Wl,-Map="DHT11.map" -Wl,--gc-sections -static --specs=nano.specs -mfloat-abi=soft -mthumb -u _printf_float -u _scanf_float -Wl,--start-group -lc -lm -lstdc++ -lsupc++ -Wl,--end-group
Finished building target: DHT11.elf
 
arm-none-eabi-size   DHT11.elf 
arm-none-eabi-objdump -h -S  DHT11.elf  > "DHT11.list"
   text	   data	    bss	    dec	    hex	filename
  33592	    476	   2100	  36168	   8d48	DHT11.elf
Finished building: default.size.stdout
 
Finished building: DHT11.list
 
09:27:23 **** Incremental Build of configuration Debug for project DHT11 ****
make -j2 all 
arm-none-eabi-gcc "../Core/Src/main.c" -mcpu=cortex-m3 -std=gnu11 -g3 -DDEBUG -DUSE_HAL_DRIVER -DSTM32F103xB -c -I../Core/Inc -I../Drivers/STM32F1xx_HAL_Driver/Inc/Legacy -I../Drivers/STM32F1xx_HAL_Driver/Inc -I../Drivers/CMSIS/Device/ST/STM32F1xx/Include -I../Drivers/CMSIS/Include -O0 -ffunction-sections -fdata-sections -Wall -fstack-usage -fcyclomatic-complexity -MMD -MP -MF"Core/Src/main.d" -MT"Core/Src/main.o" --specs=nano.specs -mfloat-abi=soft -mthumb -o "Core/Src/main.o"
arm-none-eabi-g++ -o "DHT11.elf" @"objects.list"   -mcpu=cortex-m3 -T"C:\Users\TAMRD\Documents\STM32_HAL\DHT11\STM32F103C8TX_FLASH.ld" --specs=nosys.specs -Wl,-Map="DHT11.map" -Wl,--gc-sections -static --specs=nano.specs -mfloat-abi=soft -mthumb -u _printf_float -u _scanf_float -Wl,--start-group -lc -lm -lstdc++ -lsupc++ -Wl,--end-group
Finished building target: DHT11.elf
 
arm-none-eabi-size   DHT11.elf 
arm-none-eabi-objdump -h -S  DHT11.elf  > "DHT11.list"
   text	   data	    bss	    dec	    hex	filename
  33592	    476	   2100	  36168	   8d48	DHT11.elf
Finished building: default.size.stdout
 
Finished building: DHT11.list
 
09:28:05 **** Incremental Build of configuration Debug for project DHT11 ****
make -j2 all 
arm-none-eabi-gcc "../Core/Src/main.c" -mcpu=cortex-m3 -std=gnu11 -g3 -DDEBUG -DUSE_HAL_DRIVER -DSTM32F103xB -c -I../Core/Inc -I../Drivers/STM32F1xx_HAL_Driver/Inc/Legacy -I../Drivers/STM32F1xx_HAL_Driver/Inc -I../Drivers/CMSIS/Device/ST/STM32F1xx/Include -I../Drivers/CMSIS/Include -O0 -ffunction-sections -fdata-sections -Wall -fstack-usage -fcyclomatic-complexity -MMD -MP -MF"Core/Src/main.d" -MT"Core/Src/main.o" --specs=nano.specs -mfloat-abi=soft -mthumb -o "Core/Src/main.o"
arm-none-eabi-g++ -o "DHT11.elf" @"objects.list"   -mcpu=cortex-m3 -T"C:\Users\TAMRD\Documents\STM32_HAL\DHT11\STM32F103C8TX_FLASH.ld" --specs=nosys.specs -Wl,-Map="DHT11.map" -Wl,--gc-sections -static --specs=nano.specs -mfloat-abi=soft -mthumb -u _printf_float -u _scanf_float -Wl,--start-group -lc -lm -lstdc++ -lsupc++ -Wl,--end-group
Finished building target: DHT11.elf
 
arm-none-eabi-size   DHT11.elf 
arm-none-eabi-objdump -h -S  DHT11.elf  > "DHT11.list"
   text	   data	    bss	    dec	    hex	filename
  33592	    476	   2100	  36168	   8d48	DHT11.elf
Finished building: default.size.stdout
 
Finished building: DHT11.list
 
10:12:49 **** Incremental Build of configuration Debug for project DHT11 ****
make -j2 all 
arm-none-eabi-size   DHT11.elf 
   text	   data	    bss	    dec	    hex	filename
  33592	    476	   2100	  36168	   8d48	DHT11.elf
Finished building: default.size.stdout
 
10:13:53 **** Incremental Build of configuration Debug for project DHT11 ****
make -j2 all 
arm-none-eabi-gcc "../Core/Src/main.c" -mcpu=cortex-m3 -std=gnu11 -g3 -DDEBUG -DUSE_HAL_DRIVER -DSTM32F103xB -c -I../Core/Inc -I../Drivers/STM32F1xx_HAL_Driver/Inc/Legacy -I../Drivers/STM32F1xx_HAL_Driver/Inc -I../Drivers/CMSIS/Device/ST/STM32F1xx/Include -I../Drivers/CMSIS/Include -O0 -ffunction-sections -fdata-sections -Wall -fstack-usage -fcyclomatic-complexity -MMD -MP -MF"Core/Src/main.d" -MT"Core/Src/main.o" --specs=nano.specs -mfloat-abi=soft -mthumb -o "Core/Src/main.o"
arm-none-eabi-g++ -o "DHT11.elf" @"objects.list"   -mcpu=cortex-m3 -T"C:\Users\TAMRD\Documents\STM32_HAL\DHT11\STM32F103C8TX_FLASH.ld" --specs=nosys.specs -Wl,-Map="DHT11.map" -Wl,--gc-sections -static --specs=nano.specs -mfloat-abi=soft -mthumb -u _printf_float -u _scanf_float -Wl,--start-group -lc -lm -lstdc++ -lsupc++ -Wl,--end-group
Finished building target: DHT11.elf
 
arm-none-eabi-size   DHT11.elf 
arm-none-eabi-objdump -h -S  DHT11.elf  > "DHT11.list"
   text	   data	    bss	    dec	    hex	filename
  33592	    476	   2100	  36168	   8d48	DHT11.elf
Finished building: default.size.stdout
 
Finished building: DHT11.list
 
10:16:05 **** Incremental Build of configuration Debug for project DHT11 ****
make -j2 all 
arm-none-eabi-gcc "../Core/Src/main.c" -mcpu=cortex-m3 -std=gnu11 -g3 -DDEBUG -DUSE_HAL_DRIVER -DSTM32F103xB -c -I../Core/Inc -I../Drivers/STM32F1xx_HAL_Driver/Inc/Legacy -I../Drivers/STM32F1xx_HAL_Driver/Inc -I../Drivers/CMSIS/Device/ST/STM32F1xx/Include -I../Drivers/CMSIS/Include -O0 -ffunction-sections -fdata-sections -Wall -fstack-usage -fcyclomatic-complexity -MMD -MP -MF"Core/Src/main.d" -MT"Core/Src/main.o" --specs=nano.specs -mfloat-abi=soft -mthumb -o "Core/Src/main.o"
arm-none-eabi-g++ -o "DHT11.elf" @"objects.list"   -mcpu=cortex-m3 -T"C:\Users\TAMRD\Documents\STM32_HAL\DHT11\STM32F103C8TX_FLASH.ld" --specs=nosys.specs -Wl,-Map="DHT11.map" -Wl,--gc-sections -static --specs=nano.specs -mfloat-abi=soft -mthumb -u _printf_float -u _scanf_float -Wl,--start-group -lc -lm -lstdc++ -lsupc++ -Wl,--end-group
Finished building target: DHT11.elf
 
arm-none-eabi-size   DHT11.elf 
arm-none-eabi-objdump -h -S  DHT11.elf  > "DHT11.list"
   text	   data	    bss	    dec	    hex	filename
  33592	    476	   2100	  36168	   8d48	DHT11.elf
Finished building: default.size.stdout
 
Finished building: DHT11.list
 
10:18:50 **** Incremental Build of configuration Debug for project DHT11 ****
make -j2 all 
arm-none-eabi-size   DHT11.elf 
   text	   data	    bss	    dec	    hex	filename
  33592	    476	   2100	  36168	   8d48	DHT11.elf
Finished building: default.size.stdout
 
10:28:04 **** Incremental Build of configuration Debug for project DHT11 ****
make -j2 all 
arm-none-eabi-size   DHT11.elf 
   text	   data	    bss	    dec	    hex	filename
  33592	    476	   2100	  36168	   8d48	DHT11.elf
Finished building: default.size.stdout
 
10:33:30 **** Incremental Build of configuration Debug for project DHT11 ****
make -j2 all 
arm-none-eabi-gcc "../Core/Src/main.c" -mcpu=cortex-m3 -std=gnu11 -g3 -DDEBUG -DUSE_HAL_DRIVER -DSTM32F103xB -c -I../Core/Inc -I../Drivers/STM32F1xx_HAL_Driver/Inc/Legacy -I../Drivers/STM32F1xx_HAL_Driver/Inc -I../Drivers/CMSIS/Device/ST/STM32F1xx/Include -I../Drivers/CMSIS/Include -O0 -ffunction-sections -fdata-sections -Wall -fstack-usage -fcyclomatic-complexity -MMD -MP -MF"Core/Src/main.d" -MT"Core/Src/main.o" --specs=nano.specs -mfloat-abi=soft -mthumb -o "Core/Src/main.o"
arm-none-eabi-g++ -o "DHT11.elf" @"objects.list"   -mcpu=cortex-m3 -T"C:\Users\TAMRD\Documents\STM32_HAL\DHT11\STM32F103C8TX_FLASH.ld" --specs=nosys.specs -Wl,-Map="DHT11.map" -Wl,--gc-sections -static --specs=nano.specs -mfloat-abi=soft -mthumb -u _printf_float -u _scanf_float -Wl,--start-group -lc -lm -lstdc++ -lsupc++ -Wl,--end-group
Finished building target: DHT11.elf
 
arm-none-eabi-size   DHT11.elf 
arm-none-eabi-objdump -h -S  DHT11.elf  > "DHT11.list"
   text	   data	    bss	    dec	    hex	filename
  32208	    476	   2052	  34736	   87b0	DHT11.elf
Finished building: default.size.stdout
 
Finished building: DHT11.list
 
10:34:56 **** Incremental Build of configuration Debug for project DHT11 ****
make -j2 all 
arm-none-eabi-gcc "../Core/Src/main.c" -mcpu=cortex-m3 -std=gnu11 -g3 -DDEBUG -DUSE_HAL_DRIVER -DSTM32F103xB -c -I../Core/Inc -I../Drivers/STM32F1xx_HAL_Driver/Inc/Legacy -I../Drivers/STM32F1xx_HAL_Driver/Inc -I../Drivers/CMSIS/Device/ST/STM32F1xx/Include -I../Drivers/CMSIS/Include -O0 -ffunction-sections -fdata-sections -Wall -fstack-usage -fcyclomatic-complexity -MMD -MP -MF"Core/Src/main.d" -MT"Core/Src/main.o" --specs=nano.specs -mfloat-abi=soft -mthumb -o "Core/Src/main.o"
arm-none-eabi-g++ -o "DHT11.elf" @"objects.list"   -mcpu=cortex-m3 -T"C:\Users\TAMRD\Documents\STM32_HAL\DHT11\STM32F103C8TX_FLASH.ld" --specs=nosys.specs -Wl,-Map="DHT11.map" -Wl,--gc-sections -static --specs=nano.specs -mfloat-abi=soft -mthumb -u _printf_float -u _scanf_float -Wl,--start-group -lc -lm -lstdc++ -lsupc++ -Wl,--end-group
Finished building target: DHT11.elf
 
arm-none-eabi-size   DHT11.elf 
arm-none-eabi-objdump -h -S  DHT11.elf  > "DHT11.list"
   text	   data	    bss	    dec	    hex	filename
  32160	    476	   2052	  34688	   8780	DHT11.elf
Finished building: default.size.stdout
 
Finished building: DHT11.list
 
10:37:21 **** Incremental Build of configuration Debug for project DHT11 ****
make -j2 all 
arm-none-eabi-gcc "../Core/Src/main.c" -mcpu=cortex-m3 -std=gnu11 -g3 -DDEBUG -DUSE_HAL_DRIVER -DSTM32F103xB -c -I../Core/Inc -I../Drivers/STM32F1xx_HAL_Driver/Inc/Legacy -I../Drivers/STM32F1xx_HAL_Driver/Inc -I../Drivers/CMSIS/Device/ST/STM32F1xx/Include -I../Drivers/CMSIS/Include -O0 -ffunction-sections -fdata-sections -Wall -fstack-usage -fcyclomatic-complexity -MMD -MP -MF"Core/Src/main.d" -MT"Core/Src/main.o" --specs=nano.specs -mfloat-abi=soft -mthumb -o "Core/Src/main.o"
arm-none-eabi-g++ -o "DHT11.elf" @"objects.list"   -mcpu=cortex-m3 -T"C:\Users\TAMRD\Documents\STM32_HAL\DHT11\STM32F103C8TX_FLASH.ld" --specs=nosys.specs -Wl,-Map="DHT11.map" -Wl,--gc-sections -static --specs=nano.specs -mfloat-abi=soft -mthumb -u _printf_float -u _scanf_float -Wl,--start-group -lc -lm -lstdc++ -lsupc++ -Wl,--end-group
Finished building target: DHT11.elf
 
arm-none-eabi-size   DHT11.elf 
arm-none-eabi-objdump -h -S  DHT11.elf  > "DHT11.list"
   text	   data	    bss	    dec	    hex	filename
  32160	    476	   2052	  34688	   8780	DHT11.elf
Finished building: default.size.stdout
 
Finished building: DHT11.list
 
10:38:21 **** Incremental Build of configuration Debug for project DHT11 ****
make -j2 all 
arm-none-eabi-gcc "../Core/Src/main.c" -mcpu=cortex-m3 -std=gnu11 -g3 -DDEBUG -DUSE_HAL_DRIVER -DSTM32F103xB -c -I../Core/Inc -I../Drivers/STM32F1xx_HAL_Driver/Inc/Legacy -I../Drivers/STM32F1xx_HAL_Driver/Inc -I../Drivers/CMSIS/Device/ST/STM32F1xx/Include -I../Drivers/CMSIS/Include -O0 -ffunction-sections -fdata-sections -Wall -fstack-usage -fcyclomatic-complexity -MMD -MP -MF"Core/Src/main.d" -MT"Core/Src/main.o" --specs=nano.specs -mfloat-abi=soft -mthumb -o "Core/Src/main.o"
arm-none-eabi-g++ -o "DHT11.elf" @"objects.list"   -mcpu=cortex-m3 -T"C:\Users\TAMRD\Documents\STM32_HAL\DHT11\STM32F103C8TX_FLASH.ld" --specs=nosys.specs -Wl,-Map="DHT11.map" -Wl,--gc-sections -static --specs=nano.specs -mfloat-abi=soft -mthumb -u _printf_float -u _scanf_float -Wl,--start-group -lc -lm -lstdc++ -lsupc++ -Wl,--end-group
Finished building target: DHT11.elf
 
arm-none-eabi-size   DHT11.elf 
arm-none-eabi-objdump -h -S  DHT11.elf  > "DHT11.list"
   text	   data	    bss	    dec	    hex	filename
  32160	    476	   2052	  34688	   8780	DHT11.elf
Finished building: default.size.stdout
 
Finished building: DHT11.list
 
10:40:17 **** Incremental Build of configuration Debug for project DHT11 ****
make -j2 all 
arm-none-eabi-gcc "../Core/Src/main.c" -mcpu=cortex-m3 -std=gnu11 -g3 -DDEBUG -DUSE_HAL_DRIVER -DSTM32F103xB -c -I../Core/Inc -I../Drivers/STM32F1xx_HAL_Driver/Inc/Legacy -I../Drivers/STM32F1xx_HAL_Driver/Inc -I../Drivers/CMSIS/Device/ST/STM32F1xx/Include -I../Drivers/CMSIS/Include -O0 -ffunction-sections -fdata-sections -Wall -fstack-usage -fcyclomatic-complexity -MMD -MP -MF"Core/Src/main.d" -MT"Core/Src/main.o" --specs=nano.specs -mfloat-abi=soft -mthumb -o "Core/Src/main.o"
arm-none-eabi-g++ -o "DHT11.elf" @"objects.list"   -mcpu=cortex-m3 -T"C:\Users\TAMRD\Documents\STM32_HAL\DHT11\STM32F103C8TX_FLASH.ld" --specs=nosys.specs -Wl,-Map="DHT11.map" -Wl,--gc-sections -static --specs=nano.specs -mfloat-abi=soft -mthumb -u _printf_float -u _scanf_float -Wl,--start-group -lc -lm -lstdc++ -lsupc++ -Wl,--end-group
Finished building target: DHT11.elf
 
arm-none-eabi-size   DHT11.elf 
arm-none-eabi-objdump -h -S  DHT11.elf  > "DHT11.list"
   text	   data	    bss	    dec	    hex	filename
  32096	    476	   2052	  34624	   8740	DHT11.elf
Finished building: default.size.stdout
 
Finished building: DHT11.list
 
10:40:50 **** Incremental Build of configuration Debug for project DHT11 ****
make -j2 all 
arm-none-eabi-gcc "../Core/Src/main.c" -mcpu=cortex-m3 -std=gnu11 -g3 -DDEBUG -DUSE_HAL_DRIVER -DSTM32F103xB -c -I../Core/Inc -I../Drivers/STM32F1xx_HAL_Driver/Inc/Legacy -I../Drivers/STM32F1xx_HAL_Driver/Inc -I../Drivers/CMSIS/Device/ST/STM32F1xx/Include -I../Drivers/CMSIS/Include -O0 -ffunction-sections -fdata-sections -Wall -fstack-usage -fcyclomatic-complexity -MMD -MP -MF"Core/Src/main.d" -MT"Core/Src/main.o" --specs=nano.specs -mfloat-abi=soft -mthumb -o "Core/Src/main.o"
arm-none-eabi-g++ -o "DHT11.elf" @"objects.list"   -mcpu=cortex-m3 -T"C:\Users\TAMRD\Documents\STM32_HAL\DHT11\STM32F103C8TX_FLASH.ld" --specs=nosys.specs -Wl,-Map="DHT11.map" -Wl,--gc-sections -static --specs=nano.specs -mfloat-abi=soft -mthumb -u _printf_float -u _scanf_float -Wl,--start-group -lc -lm -lstdc++ -lsupc++ -Wl,--end-group
Finished building target: DHT11.elf
 
arm-none-eabi-size   DHT11.elf 
arm-none-eabi-objdump -h -S  DHT11.elf  > "DHT11.list"
   text	   data	    bss	    dec	    hex	filename
  32160	    476	   2052	  34688	   8780	DHT11.elf
Finished building: default.size.stdout
 
Finished building: DHT11.list
 
10:45:06 **** Incremental Build of configuration Debug for project DHT11 ****
make -j2 all 
arm-none-eabi-gcc "../Core/Src/main.c" -mcpu=cortex-m3 -std=gnu11 -g3 -DDEBUG -DUSE_HAL_DRIVER -DSTM32F103xB -c -I../Core/Inc -I../Drivers/STM32F1xx_HAL_Driver/Inc/Legacy -I../Drivers/STM32F1xx_HAL_Driver/Inc -I../Drivers/CMSIS/Device/ST/STM32F1xx/Include -I../Drivers/CMSIS/Include -O0 -ffunction-sections -fdata-sections -Wall -fstack-usage -fcyclomatic-complexity -MMD -MP -MF"Core/Src/main.d" -MT"Core/Src/main.o" --specs=nano.specs -mfloat-abi=soft -mthumb -o "Core/Src/main.o"
../Core/Src/main.c: In function 'main':
../Core/Src/main.c:229:11: error: 'GPIOx' undeclared (first use in this function); did you mean 'GPIOD'?
  229 |           GPIOx->BSRR = 0x2000;
      |           ^~~~~
      |           GPIOD
../Core/Src/main.c:229:11: note: each undeclared identifier is reported only once for each function it appears in
make: *** [Core/Src/subdir.mk:34: Core/Src/main.o] Error 1
"make -j2 all" terminated with exit code 2. Build might be incomplete.
10:45:19 **** Incremental Build of configuration Debug for project DHT11 ****
make -j2 all 
arm-none-eabi-gcc "../Core/Src/main.c" -mcpu=cortex-m3 -std=gnu11 -g3 -DDEBUG -DUSE_HAL_DRIVER -DSTM32F103xB -c -I../Core/Inc -I../Drivers/STM32F1xx_HAL_Driver/Inc/Legacy -I../Drivers/STM32F1xx_HAL_Driver/Inc -I../Drivers/CMSIS/Device/ST/STM32F1xx/Include -I../Drivers/CMSIS/Include -O0 -ffunction-sections -fdata-sections -Wall -fstack-usage -fcyclomatic-complexity -MMD -MP -MF"Core/Src/main.d" -MT"Core/Src/main.o" --specs=nano.specs -mfloat-abi=soft -mthumb -o "Core/Src/main.o"
arm-none-eabi-g++ -o "DHT11.elf" @"objects.list"   -mcpu=cortex-m3 -T"C:\Users\TAMRD\Documents\STM32_HAL\DHT11\STM32F103C8TX_FLASH.ld" --specs=nosys.specs -Wl,-Map="DHT11.map" -Wl,--gc-sections -static --specs=nano.specs -mfloat-abi=soft -mthumb -u _printf_float -u _scanf_float -Wl,--start-group -lc -lm -lstdc++ -lsupc++ -Wl,--end-group
Finished building target: DHT11.elf
 
arm-none-eabi-size   DHT11.elf 
arm-none-eabi-objdump -h -S  DHT11.elf  > "DHT11.list"
   text	   data	    bss	    dec	    hex	filename
  32120	    476	   2052	  34648	   8758	DHT11.elf
Finished building: default.size.stdout
 
Finished building: DHT11.list
 
10:51:49 **** Incremental Build of configuration Debug for project DHT11 ****
make -j2 all 
arm-none-eabi-gcc "../Core/Src/main.c" -mcpu=cortex-m3 -std=gnu11 -g3 -DDEBUG -DUSE_HAL_DRIVER -DSTM32F103xB -c -I../Core/Inc -I../Drivers/STM32F1xx_HAL_Driver/Inc/Legacy -I../Drivers/STM32F1xx_HAL_Driver/Inc -I../Drivers/CMSIS/Device/ST/STM32F1xx/Include -I../Drivers/CMSIS/Include -O0 -ffunction-sections -fdata-sections -Wall -fstack-usage -fcyclomatic-complexity -MMD -MP -MF"Core/Src/main.d" -MT"Core/Src/main.o" --specs=nano.specs -mfloat-abi=soft -mthumb -o "Core/Src/main.o"
arm-none-eabi-g++ -o "DHT11.elf" @"objects.list"   -mcpu=cortex-m3 -T"C:\Users\TAMRD\Documents\STM32_HAL\DHT11\STM32F103C8TX_FLASH.ld" --specs=nosys.specs -Wl,-Map="DHT11.map" -Wl,--gc-sections -static --specs=nano.specs -mfloat-abi=soft -mthumb -u _printf_float -u _scanf_float -Wl,--start-group -lc -lm -lstdc++ -lsupc++ -Wl,--end-group
Finished building target: DHT11.elf
 
arm-none-eabi-size   DHT11.elf 
arm-none-eabi-objdump -h -S  DHT11.elf  > "DHT11.list"
   text	   data	    bss	    dec	    hex	filename
  33560	    476	   2100	  36136	   8d28	DHT11.elf
Finished building: default.size.stdout
 
Finished building: DHT11.list
 
10:52:06 **** Incremental Build of configuration Debug for project DHT11 ****
make -j2 all 
arm-none-eabi-size   DHT11.elf 
   text	   data	    bss	    dec	    hex	filename
  33560	    476	   2100	  36136	   8d28	DHT11.elf
Finished building: default.size.stdout
 
10:54:47 **** Incremental Build of configuration Debug for project DHT11 ****
make -j2 all 
arm-none-eabi-gcc "../Core/Src/main.c" -mcpu=cortex-m3 -std=gnu11 -g3 -DDEBUG -DUSE_HAL_DRIVER -DSTM32F103xB -c -I../Core/Inc -I../Drivers/STM32F1xx_HAL_Driver/Inc/Legacy -I../Drivers/STM32F1xx_HAL_Driver/Inc -I../Drivers/CMSIS/Device/ST/STM32F1xx/Include -I../Drivers/CMSIS/Include -O0 -ffunction-sections -fdata-sections -Wall -fstack-usage -fcyclomatic-complexity -MMD -MP -MF"Core/Src/main.d" -MT"Core/Src/main.o" --specs=nano.specs -mfloat-abi=soft -mthumb -o "Core/Src/main.o"
arm-none-eabi-g++ -o "DHT11.elf" @"objects.list"   -mcpu=cortex-m3 -T"C:\Users\TAMRD\Documents\STM32_HAL\DHT11\STM32F103C8TX_FLASH.ld" --specs=nosys.specs -Wl,-Map="DHT11.map" -Wl,--gc-sections -static --specs=nano.specs -mfloat-abi=soft -mthumb -u _printf_float -u _scanf_float -Wl,--start-group -lc -lm -lstdc++ -lsupc++ -Wl,--end-group
Finished building target: DHT11.elf
 
arm-none-eabi-size   DHT11.elf 
arm-none-eabi-objdump -h -S  DHT11.elf  > "DHT11.list"
   text	   data	    bss	    dec	    hex	filename
  33560	    476	   2100	  36136	   8d28	DHT11.elf
Finished building: default.size.stdout
 
Finished building: DHT11.list
 
10:55:47 **** Incremental Build of configuration Debug for project DHT11 ****
make -j2 all 
arm-none-eabi-gcc "../Core/Src/main.c" -mcpu=cortex-m3 -std=gnu11 -g3 -DDEBUG -DUSE_HAL_DRIVER -DSTM32F103xB -c -I../Core/Inc -I../Drivers/STM32F1xx_HAL_Driver/Inc/Legacy -I../Drivers/STM32F1xx_HAL_Driver/Inc -I../Drivers/CMSIS/Device/ST/STM32F1xx/Include -I../Drivers/CMSIS/Include -O0 -ffunction-sections -fdata-sections -Wall -fstack-usage -fcyclomatic-complexity -MMD -MP -MF"Core/Src/main.d" -MT"Core/Src/main.o" --specs=nano.specs -mfloat-abi=soft -mthumb -o "Core/Src/main.o"
arm-none-eabi-g++ -o "DHT11.elf" @"objects.list"   -mcpu=cortex-m3 -T"C:\Users\TAMRD\Documents\STM32_HAL\DHT11\STM32F103C8TX_FLASH.ld" --specs=nosys.specs -Wl,-Map="DHT11.map" -Wl,--gc-sections -static --specs=nano.specs -mfloat-abi=soft -mthumb -u _printf_float -u _scanf_float -Wl,--start-group -lc -lm -lstdc++ -lsupc++ -Wl,--end-group
Finished building target: DHT11.elf
 
arm-none-eabi-size   DHT11.elf 
arm-none-eabi-objdump -h -S  DHT11.elf  > "DHT11.list"
   text	   data	    bss	    dec	    hex	filename
  33576	    476	   2100	  36152	   8d38	DHT11.elf
Finished building: default.size.stdout
 
Finished building: DHT11.list
 
10:57:04 **** Incremental Build of configuration Debug for project DHT11 ****
make -j2 all 
arm-none-eabi-gcc "../Core/Src/main.c" -mcpu=cortex-m3 -std=gnu11 -g3 -DDEBUG -DUSE_HAL_DRIVER -DSTM32F103xB -c -I../Core/Inc -I../Drivers/STM32F1xx_HAL_Driver/Inc/Legacy -I../Drivers/STM32F1xx_HAL_Driver/Inc -I../Drivers/CMSIS/Device/ST/STM32F1xx/Include -I../Drivers/CMSIS/Include -O0 -ffunction-sections -fdata-sections -Wall -fstack-usage -fcyclomatic-complexity -MMD -MP -MF"Core/Src/main.d" -MT"Core/Src/main.o" --specs=nano.specs -mfloat-abi=soft -mthumb -o "Core/Src/main.o"
arm-none-eabi-g++ -o "DHT11.elf" @"objects.list"   -mcpu=cortex-m3 -T"C:\Users\TAMRD\Documents\STM32_HAL\DHT11\STM32F103C8TX_FLASH.ld" --specs=nosys.specs -Wl,-Map="DHT11.map" -Wl,--gc-sections -static --specs=nano.specs -mfloat-abi=soft -mthumb -u _printf_float -u _scanf_float -Wl,--start-group -lc -lm -lstdc++ -lsupc++ -Wl,--end-group
Finished building target: DHT11.elf
 
arm-none-eabi-size   DHT11.elf 
arm-none-eabi-objdump -h -S  DHT11.elf  > "DHT11.list"
   text	   data	    bss	    dec	    hex	filename
  33560	    476	   2100	  36136	   8d28	DHT11.elf
Finished building: default.size.stdout
 
Finished building: DHT11.list
 
10:57:58 **** Incremental Build of configuration Debug for project DHT11 ****
make -j2 all 
arm-none-eabi-gcc "../Core/Src/main.c" -mcpu=cortex-m3 -std=gnu11 -g3 -DDEBUG -DUSE_HAL_DRIVER -DSTM32F103xB -c -I../Core/Inc -I../Drivers/STM32F1xx_HAL_Driver/Inc/Legacy -I../Drivers/STM32F1xx_HAL_Driver/Inc -I../Drivers/CMSIS/Device/ST/STM32F1xx/Include -I../Drivers/CMSIS/Include -O0 -ffunction-sections -fdata-sections -Wall -fstack-usage -fcyclomatic-complexity -MMD -MP -MF"Core/Src/main.d" -MT"Core/Src/main.o" --specs=nano.specs -mfloat-abi=soft -mthumb -o "Core/Src/main.o"
arm-none-eabi-g++ -o "DHT11.elf" @"objects.list"   -mcpu=cortex-m3 -T"C:\Users\TAMRD\Documents\STM32_HAL\DHT11\STM32F103C8TX_FLASH.ld" --specs=nosys.specs -Wl,-Map="DHT11.map" -Wl,--gc-sections -static --specs=nano.specs -mfloat-abi=soft -mthumb -u _printf_float -u _scanf_float -Wl,--start-group -lc -lm -lstdc++ -lsupc++ -Wl,--end-group
Finished building target: DHT11.elf
 
arm-none-eabi-size   DHT11.elf 
arm-none-eabi-objdump -h -S  DHT11.elf  > "DHT11.list"
   text	   data	    bss	    dec	    hex	filename
  33560	    476	   2100	  36136	   8d28	DHT11.elf
Finished building: default.size.stdout
 
Finished building: DHT11.list
 
10:59:06 **** Incremental Build of configuration Debug for project DHT11 ****
make -j2 all 
arm-none-eabi-gcc "../Core/Src/main.c" -mcpu=cortex-m3 -std=gnu11 -g3 -DDEBUG -DUSE_HAL_DRIVER -DSTM32F103xB -c -I../Core/Inc -I../Drivers/STM32F1xx_HAL_Driver/Inc/Legacy -I../Drivers/STM32F1xx_HAL_Driver/Inc -I../Drivers/CMSIS/Device/ST/STM32F1xx/Include -I../Drivers/CMSIS/Include -O0 -ffunction-sections -fdata-sections -Wall -fstack-usage -fcyclomatic-complexity -MMD -MP -MF"Core/Src/main.d" -MT"Core/Src/main.o" --specs=nano.specs -mfloat-abi=soft -mthumb -o "Core/Src/main.o"
arm-none-eabi-g++ -o "DHT11.elf" @"objects.list"   -mcpu=cortex-m3 -T"C:\Users\TAMRD\Documents\STM32_HAL\DHT11\STM32F103C8TX_FLASH.ld" --specs=nosys.specs -Wl,-Map="DHT11.map" -Wl,--gc-sections -static --specs=nano.specs -mfloat-abi=soft -mthumb -u _printf_float -u _scanf_float -Wl,--start-group -lc -lm -lstdc++ -lsupc++ -Wl,--end-group
Finished building target: DHT11.elf
 
arm-none-eabi-size   DHT11.elf 
arm-none-eabi-objdump -h -S  DHT11.elf  > "DHT11.list"
   text	   data	    bss	    dec	    hex	filename
  33560	    476	   2100	  36136	   8d28	DHT11.elf
Finished building: default.size.stdout
 
Finished building: DHT11.list
 
10:59:29 **** Incremental Build of configuration Debug for project DHT11 ****
make -j2 all 
arm-none-eabi-size   DHT11.elf 
   text	   data	    bss	    dec	    hex	filename
  33560	    476	   2100	  36136	   8d28	DHT11.elf
Finished building: default.size.stdout
 
11:02:54 **** Incremental Build of configuration Debug for project DHT11 ****
make -j2 all 
arm-none-eabi-gcc "../Core/Src/main.c" -mcpu=cortex-m3 -std=gnu11 -g3 -DDEBUG -DUSE_HAL_DRIVER -DSTM32F103xB -c -I../Core/Inc -I../Drivers/STM32F1xx_HAL_Driver/Inc/Legacy -I../Drivers/STM32F1xx_HAL_Driver/Inc -I../Drivers/CMSIS/Device/ST/STM32F1xx/Include -I../Drivers/CMSIS/Include -O0 -ffunction-sections -fdata-sections -Wall -fstack-usage -fcyclomatic-complexity -MMD -MP -MF"Core/Src/main.d" -MT"Core/Src/main.o" --specs=nano.specs -mfloat-abi=soft -mthumb -o "Core/Src/main.o"
arm-none-eabi-g++ -o "DHT11.elf" @"objects.list"   -mcpu=cortex-m3 -T"C:\Users\TAMRD\Documents\STM32_HAL\DHT11\STM32F103C8TX_FLASH.ld" --specs=nosys.specs -Wl,-Map="DHT11.map" -Wl,--gc-sections -static --specs=nano.specs -mfloat-abi=soft -mthumb -u _printf_float -u _scanf_float -Wl,--start-group -lc -lm -lstdc++ -lsupc++ -Wl,--end-group
Finished building target: DHT11.elf
 
arm-none-eabi-size   DHT11.elf 
arm-none-eabi-objdump -h -S  DHT11.elf  > "DHT11.list"
   text	   data	    bss	    dec	    hex	filename
  32240	    476	   2052	  34768	   87d0	DHT11.elf
Finished building: default.size.stdout
 
Finished building: DHT11.list
 
11:03:39 **** Incremental Build of configuration Debug for project DHT11 ****
make -j2 all 
arm-none-eabi-gcc "../Core/Src/main.c" -mcpu=cortex-m3 -std=gnu11 -g3 -DDEBUG -DUSE_HAL_DRIVER -DSTM32F103xB -c -I../Core/Inc -I../Drivers/STM32F1xx_HAL_Driver/Inc/Legacy -I../Drivers/STM32F1xx_HAL_Driver/Inc -I../Drivers/CMSIS/Device/ST/STM32F1xx/Include -I../Drivers/CMSIS/Include -O0 -ffunction-sections -fdata-sections -Wall -fstack-usage -fcyclomatic-complexity -MMD -MP -MF"Core/Src/main.d" -MT"Core/Src/main.o" --specs=nano.specs -mfloat-abi=soft -mthumb -o "Core/Src/main.o"
arm-none-eabi-g++ -o "DHT11.elf" @"objects.list"   -mcpu=cortex-m3 -T"C:\Users\TAMRD\Documents\STM32_HAL\DHT11\STM32F103C8TX_FLASH.ld" --specs=nosys.specs -Wl,-Map="DHT11.map" -Wl,--gc-sections -static --specs=nano.specs -mfloat-abi=soft -mthumb -u _printf_float -u _scanf_float -Wl,--start-group -lc -lm -lstdc++ -lsupc++ -Wl,--end-group
Finished building target: DHT11.elf
 
arm-none-eabi-size   DHT11.elf 
arm-none-eabi-objdump -h -S  DHT11.elf  > "DHT11.list"
   text	   data	    bss	    dec	    hex	filename
  32240	    476	   2052	  34768	   87d0	DHT11.elf
Finished building: default.size.stdout
 
Finished building: DHT11.list
 
11:04:15 **** Incremental Build of configuration Debug for project DHT11 ****
make -j2 all 
arm-none-eabi-size   DHT11.elf 
   text	   data	    bss	    dec	    hex	filename
  32240	    476	   2052	  34768	   87d0	DHT11.elf
Finished building: default.size.stdout
 
11:05:47 **** Incremental Build of configuration Debug for project DHT11 ****
make -j2 all 
arm-none-eabi-gcc "../Core/Src/main.c" -mcpu=cortex-m3 -std=gnu11 -g3 -DDEBUG -DUSE_HAL_DRIVER -DSTM32F103xB -c -I../Core/Inc -I../Drivers/STM32F1xx_HAL_Driver/Inc/Legacy -I../Drivers/STM32F1xx_HAL_Driver/Inc -I../Drivers/CMSIS/Device/ST/STM32F1xx/Include -I../Drivers/CMSIS/Include -O0 -ffunction-sections -fdata-sections -Wall -fstack-usage -fcyclomatic-complexity -MMD -MP -MF"Core/Src/main.d" -MT"Core/Src/main.o" --specs=nano.specs -mfloat-abi=soft -mthumb -o "Core/Src/main.o"
arm-none-eabi-gcc "../Core/Src/stm32f1xx_hal_msp.c" -mcpu=cortex-m3 -std=gnu11 -g3 -DDEBUG -DUSE_HAL_DRIVER -DSTM32F103xB -c -I../Core/Inc -I../Drivers/STM32F1xx_HAL_Driver/Inc/Legacy -I../Drivers/STM32F1xx_HAL_Driver/Inc -I../Drivers/CMSIS/Device/ST/STM32F1xx/Include -I../Drivers/CMSIS/Include -O0 -ffunction-sections -fdata-sections -Wall -fstack-usage -fcyclomatic-complexity -MMD -MP -MF"Core/Src/stm32f1xx_hal_msp.d" -MT"Core/Src/stm32f1xx_hal_msp.o" --specs=nano.specs -mfloat-abi=soft -mthumb -o "Core/Src/stm32f1xx_hal_msp.o"
arm-none-eabi-gcc "../Core/Src/stm32f1xx_it.c" -mcpu=cortex-m3 -std=gnu11 -g3 -DDEBUG -DUSE_HAL_DRIVER -DSTM32F103xB -c -I../Core/Inc -I../Drivers/STM32F1xx_HAL_Driver/Inc/Legacy -I../Drivers/STM32F1xx_HAL_Driver/Inc -I../Drivers/CMSIS/Device/ST/STM32F1xx/Include -I../Drivers/CMSIS/Include -O0 -ffunction-sections -fdata-sections -Wall -fstack-usage -fcyclomatic-complexity -MMD -MP -MF"Core/Src/stm32f1xx_it.d" -MT"Core/Src/stm32f1xx_it.o" --specs=nano.specs -mfloat-abi=soft -mthumb -o "Core/Src/stm32f1xx_it.o"
arm-none-eabi-g++ -o "DHT11.elf" @"objects.list"   -mcpu=cortex-m3 -T"C:\Users\TAMRD\Documents\STM32_HAL\DHT11\STM32F103C8TX_FLASH.ld" --specs=nosys.specs -Wl,-Map="DHT11.map" -Wl,--gc-sections -static --specs=nano.specs -mfloat-abi=soft -mthumb -u _printf_float -u _scanf_float -Wl,--start-group -lc -lm -lstdc++ -lsupc++ -Wl,--end-group
Finished building target: DHT11.elf
 
arm-none-eabi-size   DHT11.elf 
arm-none-eabi-objdump -h -S  DHT11.elf  > "DHT11.list"
   text	   data	    bss	    dec	    hex	filename
  32232	    476	   2052	  34760	   87c8	DHT11.elf
Finished building: default.size.stdout
 
Finished building: DHT11.list
 
11:07:10 **** Incremental Build of configuration Debug for project DHT11 ****
make -j2 all 
arm-none-eabi-gcc "../Core/Src/main.c" -mcpu=cortex-m3 -std=gnu11 -g3 -DDEBUG -DUSE_HAL_DRIVER -DSTM32F103xB -c -I../Core/Inc -I../Drivers/STM32F1xx_HAL_Driver/Inc/Legacy -I../Drivers/STM32F1xx_HAL_Driver/Inc -I../Drivers/CMSIS/Device/ST/STM32F1xx/Include -I../Drivers/CMSIS/Include -O0 -ffunction-sections -fdata-sections -Wall -fstack-usage -fcyclomatic-complexity -MMD -MP -MF"Core/Src/main.d" -MT"Core/Src/main.o" --specs=nano.specs -mfloat-abi=soft -mthumb -o "Core/Src/main.o"
arm-none-eabi-g++ -o "DHT11.elf" @"objects.list"   -mcpu=cortex-m3 -T"C:\Users\TAMRD\Documents\STM32_HAL\DHT11\STM32F103C8TX_FLASH.ld" --specs=nosys.specs -Wl,-Map="DHT11.map" -Wl,--gc-sections -static --specs=nano.specs -mfloat-abi=soft -mthumb -u _printf_float -u _scanf_float -Wl,--start-group -lc -lm -lstdc++ -lsupc++ -Wl,--end-group
Finished building target: DHT11.elf
 
arm-none-eabi-size   DHT11.elf 
arm-none-eabi-objdump -h -S  DHT11.elf  > "DHT11.list"
   text	   data	    bss	    dec	    hex	filename
  33528	    476	   2100	  36104	   8d08	DHT11.elf
Finished building: default.size.stdout
 
Finished building: DHT11.list
 
11:08:56 **** Incremental Build of configuration Debug for project DHT11 ****
make -j2 all 
arm-none-eabi-gcc "../Core/Src/main.c" -mcpu=cortex-m3 -std=gnu11 -g3 -DDEBUG -DUSE_HAL_DRIVER -DSTM32F103xB -c -I../Core/Inc -I../Drivers/STM32F1xx_HAL_Driver/Inc/Legacy -I../Drivers/STM32F1xx_HAL_Driver/Inc -I../Drivers/CMSIS/Device/ST/STM32F1xx/Include -I../Drivers/CMSIS/Include -O0 -ffunction-sections -fdata-sections -Wall -fstack-usage -fcyclomatic-complexity -MMD -MP -MF"Core/Src/main.d" -MT"Core/Src/main.o" --specs=nano.specs -mfloat-abi=soft -mthumb -o "Core/Src/main.o"
arm-none-eabi-g++ -o "DHT11.elf" @"objects.list"   -mcpu=cortex-m3 -T"C:\Users\TAMRD\Documents\STM32_HAL\DHT11\STM32F103C8TX_FLASH.ld" --specs=nosys.specs -Wl,-Map="DHT11.map" -Wl,--gc-sections -static --specs=nano.specs -mfloat-abi=soft -mthumb -u _printf_float -u _scanf_float -Wl,--start-group -lc -lm -lstdc++ -lsupc++ -Wl,--end-group
Finished building target: DHT11.elf
 
arm-none-eabi-size   DHT11.elf 
arm-none-eabi-objdump -h -S  DHT11.elf  > "DHT11.list"
   text	   data	    bss	    dec	    hex	filename
  33520	    476	   2100	  36096	   8d00	DHT11.elf
Finished building: default.size.stdout
 
Finished building: DHT11.list
 
11:10:39 **** Incremental Build of configuration Debug for project DHT11 ****
make -j2 all 
arm-none-eabi-gcc "../Core/Src/main.c" -mcpu=cortex-m3 -std=gnu11 -g3 -DDEBUG -DUSE_HAL_DRIVER -DSTM32F103xB -c -I../Core/Inc -I../Drivers/STM32F1xx_HAL_Driver/Inc/Legacy -I../Drivers/STM32F1xx_HAL_Driver/Inc -I../Drivers/CMSIS/Device/ST/STM32F1xx/Include -I../Drivers/CMSIS/Include -O0 -ffunction-sections -fdata-sections -Wall -fstack-usage -fcyclomatic-complexity -MMD -MP -MF"Core/Src/main.d" -MT"Core/Src/main.o" --specs=nano.specs -mfloat-abi=soft -mthumb -o "Core/Src/main.o"
arm-none-eabi-g++ -o "DHT11.elf" @"objects.list"   -mcpu=cortex-m3 -T"C:\Users\TAMRD\Documents\STM32_HAL\DHT11\STM32F103C8TX_FLASH.ld" --specs=nosys.specs -Wl,-Map="DHT11.map" -Wl,--gc-sections -static --specs=nano.specs -mfloat-abi=soft -mthumb -u _printf_float -u _scanf_float -Wl,--start-group -lc -lm -lstdc++ -lsupc++ -Wl,--end-group
Finished building target: DHT11.elf
 
arm-none-eabi-size   DHT11.elf 
arm-none-eabi-objdump -h -S  DHT11.elf  > "DHT11.list"
   text	   data	    bss	    dec	    hex	filename
  33520	    476	   2100	  36096	   8d00	DHT11.elf
Finished building: default.size.stdout
 
Finished building: DHT11.list
 
11:11:57 **** Incremental Build of configuration Debug for project DHT11 ****
make -j2 all 
arm-none-eabi-size   DHT11.elf 
   text	   data	    bss	    dec	    hex	filename
  33520	    476	   2100	  36096	   8d00	DHT11.elf
Finished building: default.size.stdout
 
11:16:41 **** Incremental Build of configuration Debug for project DHT11 ****
make -j2 all 
arm-none-eabi-size   DHT11.elf 
   text	   data	    bss	    dec	    hex	filename
  33520	    476	   2100	  36096	   8d00	DHT11.elf
Finished building: default.size.stdout
 
11:17:30 **** Incremental Build of configuration Debug for project DHT11 ****
make -j2 all 
arm-none-eabi-gcc "../Core/Src/main.c" -mcpu=cortex-m3 -std=gnu11 -g3 -DDEBUG -DUSE_HAL_DRIVER -DSTM32F103xB -c -I../Core/Inc -I../Drivers/STM32F1xx_HAL_Driver/Inc/Legacy -I../Drivers/STM32F1xx_HAL_Driver/Inc -I../Drivers/CMSIS/Device/ST/STM32F1xx/Include -I../Drivers/CMSIS/Include -O0 -ffunction-sections -fdata-sections -Wall -fstack-usage -fcyclomatic-complexity -MMD -MP -MF"Core/Src/main.d" -MT"Core/Src/main.o" --specs=nano.specs -mfloat-abi=soft -mthumb -o "Core/Src/main.o"
arm-none-eabi-g++ -o "DHT11.elf" @"objects.list"   -mcpu=cortex-m3 -T"C:\Users\TAMRD\Documents\STM32_HAL\DHT11\STM32F103C8TX_FLASH.ld" --specs=nosys.specs -Wl,-Map="DHT11.map" -Wl,--gc-sections -static --specs=nano.specs -mfloat-abi=soft -mthumb -u _printf_float -u _scanf_float -Wl,--start-group -lc -lm -lstdc++ -lsupc++ -Wl,--end-group
Finished building target: DHT11.elf
 
arm-none-eabi-size   DHT11.elf 
arm-none-eabi-objdump -h -S  DHT11.elf  > "DHT11.list"
   text	   data	    bss	    dec	    hex	filename
  33536	    476	   2108	  36120	   8d18	DHT11.elf
Finished building: default.size.stdout
 
Finished building: DHT11.list
 
11:18:24 **** Incremental Build of configuration Debug for project DHT11 ****
make -j2 all 
arm-none-eabi-gcc "../Core/Src/main.c" -mcpu=cortex-m3 -std=gnu11 -g3 -DDEBUG -DUSE_HAL_DRIVER -DSTM32F103xB -c -I../Core/Inc -I../Drivers/STM32F1xx_HAL_Driver/Inc/Legacy -I../Drivers/STM32F1xx_HAL_Driver/Inc -I../Drivers/CMSIS/Device/ST/STM32F1xx/Include -I../Drivers/CMSIS/Include -O0 -ffunction-sections -fdata-sections -Wall -fstack-usage -fcyclomatic-complexity -MMD -MP -MF"Core/Src/main.d" -MT"Core/Src/main.o" --specs=nano.specs -mfloat-abi=soft -mthumb -o "Core/Src/main.o"
arm-none-eabi-g++ -o "DHT11.elf" @"objects.list"   -mcpu=cortex-m3 -T"C:\Users\TAMRD\Documents\STM32_HAL\DHT11\STM32F103C8TX_FLASH.ld" --specs=nosys.specs -Wl,-Map="DHT11.map" -Wl,--gc-sections -static --specs=nano.specs -mfloat-abi=soft -mthumb -u _printf_float -u _scanf_float -Wl,--start-group -lc -lm -lstdc++ -lsupc++ -Wl,--end-group
Finished building target: DHT11.elf
 
arm-none-eabi-size   DHT11.elf 
arm-none-eabi-objdump -h -S  DHT11.elf  > "DHT11.list"
   text	   data	    bss	    dec	    hex	filename
  33536	    476	   2108	  36120	   8d18	DHT11.elf
Finished building: default.size.stdout
 
Finished building: DHT11.list
 
11:19:29 **** Incremental Build of configuration Debug for project DHT11 ****
make -j2 all 
arm-none-eabi-gcc "../Core/Src/main.c" -mcpu=cortex-m3 -std=gnu11 -g3 -DDEBUG -DUSE_HAL_DRIVER -DSTM32F103xB -c -I../Core/Inc -I../Drivers/STM32F1xx_HAL_Driver/Inc/Legacy -I../Drivers/STM32F1xx_HAL_Driver/Inc -I../Drivers/CMSIS/Device/ST/STM32F1xx/Include -I../Drivers/CMSIS/Include -O0 -ffunction-sections -fdata-sections -Wall -fstack-usage -fcyclomatic-complexity -MMD -MP -MF"Core/Src/main.d" -MT"Core/Src/main.o" --specs=nano.specs -mfloat-abi=soft -mthumb -o "Core/Src/main.o"
arm-none-eabi-g++ -o "DHT11.elf" @"objects.list"   -mcpu=cortex-m3 -T"C:\Users\TAMRD\Documents\STM32_HAL\DHT11\STM32F103C8TX_FLASH.ld" --specs=nosys.specs -Wl,-Map="DHT11.map" -Wl,--gc-sections -static --specs=nano.specs -mfloat-abi=soft -mthumb -u _printf_float -u _scanf_float -Wl,--start-group -lc -lm -lstdc++ -lsupc++ -Wl,--end-group
Finished building target: DHT11.elf
 
arm-none-eabi-size   DHT11.elf 
arm-none-eabi-objdump -h -S  DHT11.elf  > "DHT11.list"
   text	   data	    bss	    dec	    hex	filename
  33536	    476	   2108	  36120	   8d18	DHT11.elf
Finished building: default.size.stdout
 
Finished building: DHT11.list
 
11:20:06 **** Incremental Build of configuration Debug for project DHT11 ****
make -j2 all 
arm-none-eabi-size   DHT11.elf 
   text	   data	    bss	    dec	    hex	filename
  33536	    476	   2108	  36120	   8d18	DHT11.elf
Finished building: default.size.stdout
 
11:21:08 **** Incremental Build of configuration Debug for project DHT11 ****
make -j2 all 
arm-none-eabi-gcc "../Core/Src/main.c" -mcpu=cortex-m3 -std=gnu11 -g3 -DDEBUG -DUSE_HAL_DRIVER -DSTM32F103xB -c -I../Core/Inc -I../Drivers/STM32F1xx_HAL_Driver/Inc/Legacy -I../Drivers/STM32F1xx_HAL_Driver/Inc -I../Drivers/CMSIS/Device/ST/STM32F1xx/Include -I../Drivers/CMSIS/Include -O0 -ffunction-sections -fdata-sections -Wall -fstack-usage -fcyclomatic-complexity -MMD -MP -MF"Core/Src/main.d" -MT"Core/Src/main.o" --specs=nano.specs -mfloat-abi=soft -mthumb -o "Core/Src/main.o"
arm-none-eabi-g++ -o "DHT11.elf" @"objects.list"   -mcpu=cortex-m3 -T"C:\Users\TAMRD\Documents\STM32_HAL\DHT11\STM32F103C8TX_FLASH.ld" --specs=nosys.specs -Wl,-Map="DHT11.map" -Wl,--gc-sections -static --specs=nano.specs -mfloat-abi=soft -mthumb -u _printf_float -u _scanf_float -Wl,--start-group -lc -lm -lstdc++ -lsupc++ -Wl,--end-group
Finished building target: DHT11.elf
 
arm-none-eabi-size   DHT11.elf 
arm-none-eabi-objdump -h -S  DHT11.elf  > "DHT11.list"
   text	   data	    bss	    dec	    hex	filename
  33536	    476	   2108	  36120	   8d18	DHT11.elf
Finished building: default.size.stdout
 
Finished building: DHT11.list
 
11:22:09 **** Incremental Build of configuration Debug for project DHT11 ****
make -j2 all 
arm-none-eabi-gcc "../Core/Src/main.c" -mcpu=cortex-m3 -std=gnu11 -g3 -DDEBUG -DUSE_HAL_DRIVER -DSTM32F103xB -c -I../Core/Inc -I../Drivers/STM32F1xx_HAL_Driver/Inc/Legacy -I../Drivers/STM32F1xx_HAL_Driver/Inc -I../Drivers/CMSIS/Device/ST/STM32F1xx/Include -I../Drivers/CMSIS/Include -O0 -ffunction-sections -fdata-sections -Wall -fstack-usage -fcyclomatic-complexity -MMD -MP -MF"Core/Src/main.d" -MT"Core/Src/main.o" --specs=nano.specs -mfloat-abi=soft -mthumb -o "Core/Src/main.o"
arm-none-eabi-g++ -o "DHT11.elf" @"objects.list"   -mcpu=cortex-m3 -T"C:\Users\TAMRD\Documents\STM32_HAL\DHT11\STM32F103C8TX_FLASH.ld" --specs=nosys.specs -Wl,-Map="DHT11.map" -Wl,--gc-sections -static --specs=nano.specs -mfloat-abi=soft -mthumb -u _printf_float -u _scanf_float -Wl,--start-group -lc -lm -lstdc++ -lsupc++ -Wl,--end-group
Finished building target: DHT11.elf
 
arm-none-eabi-size   DHT11.elf 
arm-none-eabi-objdump -h -S  DHT11.elf  > "DHT11.list"
   text	   data	    bss	    dec	    hex	filename
  33536	    476	   2108	  36120	   8d18	DHT11.elf
Finished building: default.size.stdout
 
Finished building: DHT11.list
 
11:23:07 **** Incremental Build of configuration Debug for project DHT11 ****
make -j2 all 
arm-none-eabi-gcc "../Core/Src/main.c" -mcpu=cortex-m3 -std=gnu11 -g3 -DDEBUG -DUSE_HAL_DRIVER -DSTM32F103xB -c -I../Core/Inc -I../Drivers/STM32F1xx_HAL_Driver/Inc/Legacy -I../Drivers/STM32F1xx_HAL_Driver/Inc -I../Drivers/CMSIS/Device/ST/STM32F1xx/Include -I../Drivers/CMSIS/Include -O0 -ffunction-sections -fdata-sections -Wall -fstack-usage -fcyclomatic-complexity -MMD -MP -MF"Core/Src/main.d" -MT"Core/Src/main.o" --specs=nano.specs -mfloat-abi=soft -mthumb -o "Core/Src/main.o"
../Core/Src/main.c: In function 'Check_Response':
../Core/Src/main.c:133:19: error: 'dem' undeclared (first use in this function)
  133 |                   dem++;
      |                   ^~~
../Core/Src/main.c:133:19: note: each undeclared identifier is reported only once for each function it appears in
make: *** [Core/Src/subdir.mk:34: Core/Src/main.o] Error 1
"make -j2 all" terminated with exit code 2. Build might be incomplete.
11:23:26 **** Incremental Build of configuration Debug for project DHT11 ****
make -j2 all 
arm-none-eabi-gcc "../Core/Src/main.c" -mcpu=cortex-m3 -std=gnu11 -g3 -DDEBUG -DUSE_HAL_DRIVER -DSTM32F103xB -c -I../Core/Inc -I../Drivers/STM32F1xx_HAL_Driver/Inc/Legacy -I../Drivers/STM32F1xx_HAL_Driver/Inc -I../Drivers/CMSIS/Device/ST/STM32F1xx/Include -I../Drivers/CMSIS/Include -O0 -ffunction-sections -fdata-sections -Wall -fstack-usage -fcyclomatic-complexity -MMD -MP -MF"Core/Src/main.d" -MT"Core/Src/main.o" --specs=nano.specs -mfloat-abi=soft -mthumb -o "Core/Src/main.o"
arm-none-eabi-g++ -o "DHT11.elf" @"objects.list"   -mcpu=cortex-m3 -T"C:\Users\TAMRD\Documents\STM32_HAL\DHT11\STM32F103C8TX_FLASH.ld" --specs=nosys.specs -Wl,-Map="DHT11.map" -Wl,--gc-sections -static --specs=nano.specs -mfloat-abi=soft -mthumb -u _printf_float -u _scanf_float -Wl,--start-group -lc -lm -lstdc++ -lsupc++ -Wl,--end-group
Finished building target: DHT11.elf
 
arm-none-eabi-size   DHT11.elf 
arm-none-eabi-objdump -h -S  DHT11.elf  > "DHT11.list"
   text	   data	    bss	    dec	    hex	filename
  33528	    476	   2108	  36112	   8d10	DHT11.elf
Finished building: default.size.stdout
 
Finished building: DHT11.list
 
11:47:42 **** Incremental Build of configuration Debug for project DHT11 ****
make -j2 all 
arm-none-eabi-size   DHT11.elf 
   text	   data	    bss	    dec	    hex	filename
  33528	    476	   2108	  36112	   8d10	DHT11.elf
Finished building: default.size.stdout
 
11:51:12 **** Incremental Build of configuration Debug for project DHT11 ****
make -j2 all 
arm-none-eabi-gcc "../Core/Src/main.c" -mcpu=cortex-m3 -std=gnu11 -g3 -DDEBUG -DUSE_HAL_DRIVER -DSTM32F103xB -c -I../Core/Inc -I../Drivers/STM32F1xx_HAL_Driver/Inc/Legacy -I../Drivers/STM32F1xx_HAL_Driver/Inc -I../Drivers/CMSIS/Device/ST/STM32F1xx/Include -I../Drivers/CMSIS/Include -O0 -ffunction-sections -fdata-sections -Wall -fstack-usage -fcyclomatic-complexity -MMD -MP -MF"Core/Src/main.d" -MT"Core/Src/main.o" --specs=nano.specs -mfloat-abi=soft -mthumb -o "Core/Src/main.o"
arm-none-eabi-g++ -o "DHT11.elf" @"objects.list"   -mcpu=cortex-m3 -T"C:\Users\TAMRD\Documents\STM32_HAL\DHT11\STM32F103C8TX_FLASH.ld" --specs=nosys.specs -Wl,-Map="DHT11.map" -Wl,--gc-sections -static --specs=nano.specs -mfloat-abi=soft -mthumb -u _printf_float -u _scanf_float -Wl,--start-group -lc -lm -lstdc++ -lsupc++ -Wl,--end-group
Finished building target: DHT11.elf
 
arm-none-eabi-size   DHT11.elf 
arm-none-eabi-objdump -h -S  DHT11.elf  > "DHT11.list"
   text	   data	    bss	    dec	    hex	filename
  33528	    476	   2108	  36112	   8d10	DHT11.elf
Finished building: default.size.stdout
 
Finished building: DHT11.list
 
11:53:21 **** Incremental Build of configuration Debug for project DHT11 ****
make -j2 all 
arm-none-eabi-gcc "../Core/Src/main.c" -mcpu=cortex-m3 -std=gnu11 -g3 -DDEBUG -DUSE_HAL_DRIVER -DSTM32F103xB -c -I../Core/Inc -I../Drivers/STM32F1xx_HAL_Driver/Inc/Legacy -I../Drivers/STM32F1xx_HAL_Driver/Inc -I../Drivers/CMSIS/Device/ST/STM32F1xx/Include -I../Drivers/CMSIS/Include -O0 -ffunction-sections -fdata-sections -Wall -fstack-usage -fcyclomatic-complexity -MMD -MP -MF"Core/Src/main.d" -MT"Core/Src/main.o" --specs=nano.specs -mfloat-abi=soft -mthumb -o "Core/Src/main.o"
arm-none-eabi-g++ -o "DHT11.elf" @"objects.list"   -mcpu=cortex-m3 -T"C:\Users\TAMRD\Documents\STM32_HAL\DHT11\STM32F103C8TX_FLASH.ld" --specs=nosys.specs -Wl,-Map="DHT11.map" -Wl,--gc-sections -static --specs=nano.specs -mfloat-abi=soft -mthumb -u _printf_float -u _scanf_float -Wl,--start-group -lc -lm -lstdc++ -lsupc++ -Wl,--end-group
Finished building target: DHT11.elf
 
arm-none-eabi-size   DHT11.elf 
arm-none-eabi-objdump -h -S  DHT11.elf  > "DHT11.list"
   text	   data	    bss	    dec	    hex	filename
  33528	    476	   2108	  36112	   8d10	DHT11.elf
Finished building: default.size.stdout
 
Finished building: DHT11.list
 
11:54:47 **** Incremental Build of configuration Debug for project DHT11 ****
make -j2 all 
arm-none-eabi-gcc "../Core/Src/main.c" -mcpu=cortex-m3 -std=gnu11 -g3 -DDEBUG -DUSE_HAL_DRIVER -DSTM32F103xB -c -I../Core/Inc -I../Drivers/STM32F1xx_HAL_Driver/Inc/Legacy -I../Drivers/STM32F1xx_HAL_Driver/Inc -I../Drivers/CMSIS/Device/ST/STM32F1xx/Include -I../Drivers/CMSIS/Include -O0 -ffunction-sections -fdata-sections -Wall -fstack-usage -fcyclomatic-complexity -MMD -MP -MF"Core/Src/main.d" -MT"Core/Src/main.o" --specs=nano.specs -mfloat-abi=soft -mthumb -o "Core/Src/main.o"
arm-none-eabi-g++ -o "DHT11.elf" @"objects.list"   -mcpu=cortex-m3 -T"C:\Users\TAMRD\Documents\STM32_HAL\DHT11\STM32F103C8TX_FLASH.ld" --specs=nosys.specs -Wl,-Map="DHT11.map" -Wl,--gc-sections -static --specs=nano.specs -mfloat-abi=soft -mthumb -u _printf_float -u _scanf_float -Wl,--start-group -lc -lm -lstdc++ -lsupc++ -Wl,--end-group
Finished building target: DHT11.elf
 
arm-none-eabi-size   DHT11.elf 
arm-none-eabi-objdump -h -S  DHT11.elf  > "DHT11.list"
   text	   data	    bss	    dec	    hex	filename
  33520	    476	   2108	  36104	   8d08	DHT11.elf
Finished building: default.size.stdout
 
Finished building: DHT11.list
 
13:19:31 **** Incremental Build of configuration Debug for project DHT11 ****
make -j2 all 
arm-none-eabi-size   DHT11.elf 
   text	   data	    bss	    dec	    hex	filename
  33520	    476	   2108	  36104	   8d08	DHT11.elf
Finished building: default.size.stdout
 
13:22:26 **** Incremental Build of configuration Debug for project DHT11 ****
make -j2 all 
arm-none-eabi-gcc "../Core/Src/main.c" -mcpu=cortex-m3 -std=gnu11 -g3 -DDEBUG -DUSE_HAL_DRIVER -DSTM32F103xB -c -I../Core/Inc -I../Drivers/STM32F1xx_HAL_Driver/Inc/Legacy -I../Drivers/STM32F1xx_HAL_Driver/Inc -I../Drivers/CMSIS/Device/ST/STM32F1xx/Include -I../Drivers/CMSIS/Include -O0 -ffunction-sections -fdata-sections -Wall -fstack-usage -fcyclomatic-complexity -MMD -MP -MF"Core/Src/main.d" -MT"Core/Src/main.o" --specs=nano.specs -mfloat-abi=soft -mthumb -o "Core/Src/main.o"
arm-none-eabi-g++ -o "DHT11.elf" @"objects.list"   -mcpu=cortex-m3 -T"C:\Users\TAMRD\Documents\STM32_HAL\DHT11\STM32F103C8TX_FLASH.ld" --specs=nosys.specs -Wl,-Map="DHT11.map" -Wl,--gc-sections -static --specs=nano.specs -mfloat-abi=soft -mthumb -u _printf_float -u _scanf_float -Wl,--start-group -lc -lm -lstdc++ -lsupc++ -Wl,--end-group
Finished building target: DHT11.elf
 
arm-none-eabi-size   DHT11.elf 
arm-none-eabi-objdump -h -S  DHT11.elf  > "DHT11.list"
   text	   data	    bss	    dec	    hex	filename
  33520	    476	   2108	  36104	   8d08	DHT11.elf
Finished building: default.size.stdout
 
Finished building: DHT11.list
 
13:25:10 **** Incremental Build of configuration Debug for project DHT11 ****
make -j2 all 
arm-none-eabi-gcc "../Core/Src/main.c" -mcpu=cortex-m3 -std=gnu11 -g3 -DDEBUG -DUSE_HAL_DRIVER -DSTM32F103xB -c -I../Core/Inc -I../Drivers/STM32F1xx_HAL_Driver/Inc/Legacy -I../Drivers/STM32F1xx_HAL_Driver/Inc -I../Drivers/CMSIS/Device/ST/STM32F1xx/Include -I../Drivers/CMSIS/Include -O0 -ffunction-sections -fdata-sections -Wall -fstack-usage -fcyclomatic-complexity -MMD -MP -MF"Core/Src/main.d" -MT"Core/Src/main.o" --specs=nano.specs -mfloat-abi=soft -mthumb -o "Core/Src/main.o"
arm-none-eabi-g++ -o "DHT11.elf" @"objects.list"   -mcpu=cortex-m3 -T"C:\Users\TAMRD\Documents\STM32_HAL\DHT11\STM32F103C8TX_FLASH.ld" --specs=nosys.specs -Wl,-Map="DHT11.map" -Wl,--gc-sections -static --specs=nano.specs -mfloat-abi=soft -mthumb -u _printf_float -u _scanf_float -Wl,--start-group -lc -lm -lstdc++ -lsupc++ -Wl,--end-group
Finished building target: DHT11.elf
 
arm-none-eabi-size   DHT11.elf 
arm-none-eabi-objdump -h -S  DHT11.elf  > "DHT11.list"
   text	   data	    bss	    dec	    hex	filename
  33504	    476	   2108	  36088	   8cf8	DHT11.elf
Finished building: default.size.stdout
 
Finished building: DHT11.list
 
14:06:38 **** Incremental Build of configuration Debug for project DHT11 ****
make -j2 all 
arm-none-eabi-gcc "../Core/Src/main.c" -mcpu=cortex-m3 -std=gnu11 -g3 -DDEBUG -DUSE_HAL_DRIVER -DSTM32F103xB -c -I../Core/Inc -I../Drivers/STM32F1xx_HAL_Driver/Inc/Legacy -I../Drivers/STM32F1xx_HAL_Driver/Inc -I../Drivers/CMSIS/Device/ST/STM32F1xx/Include -I../Drivers/CMSIS/Include -O0 -ffunction-sections -fdata-sections -Wall -fstack-usage -fcyclomatic-complexity -MMD -MP -MF"Core/Src/main.d" -MT"Core/Src/main.o" --specs=nano.specs -mfloat-abi=soft -mthumb -o "Core/Src/main.o"
arm-none-eabi-g++ -o "DHT11.elf" @"objects.list"   -mcpu=cortex-m3 -T"C:\Users\TAMRD\Documents\STM32_HAL\DHT11\STM32F103C8TX_FLASH.ld" --specs=nosys.specs -Wl,-Map="DHT11.map" -Wl,--gc-sections -static --specs=nano.specs -mfloat-abi=soft -mthumb -u _printf_float -u _scanf_float -Wl,--start-group -lc -lm -lstdc++ -lsupc++ -Wl,--end-group
Finished building target: DHT11.elf
 
arm-none-eabi-size   DHT11.elf 
arm-none-eabi-objdump -h -S  DHT11.elf  > "DHT11.list"
   text	   data	    bss	    dec	    hex	filename
  34056	    476	   2100	  36632	   8f18	DHT11.elf
Finished building: default.size.stdout
 
Finished building: DHT11.list
 
14:07:37 **** Incremental Build of configuration Debug for project DHT11 ****
make -j2 all 
arm-none-eabi-size   DHT11.elf 
   text	   data	    bss	    dec	    hex	filename
  34056	    476	   2100	  36632	   8f18	DHT11.elf
Finished building: default.size.stdout
 
14:07:51 **** Incremental Build of configuration Debug for project DHT11 ****
make -j2 all 
arm-none-eabi-size   DHT11.elf 
   text	   data	    bss	    dec	    hex	filename
  34056	    476	   2100	  36632	   8f18	DHT11.elf
Finished building: default.size.stdout
 
14:20:46 **** Incremental Build of configuration Debug for project DHT11 ****
make -j2 all 
arm-none-eabi-gcc "../Core/Src/main.c" -mcpu=cortex-m3 -std=gnu11 -g3 -DDEBUG -DUSE_HAL_DRIVER -DSTM32F103xB -c -I../Core/Inc -I../Drivers/STM32F1xx_HAL_Driver/Inc/Legacy -I../Drivers/STM32F1xx_HAL_Driver/Inc -I../Drivers/CMSIS/Device/ST/STM32F1xx/Include -I../Drivers/CMSIS/Include -O0 -ffunction-sections -fdata-sections -Wall -fstack-usage -fcyclomatic-complexity -MMD -MP -MF"Core/Src/main.d" -MT"Core/Src/main.o" --specs=nano.specs -mfloat-abi=soft -mthumb -o "Core/Src/main.o"
arm-none-eabi-g++ -o "DHT11.elf" @"objects.list"   -mcpu=cortex-m3 -T"C:\Users\TAMRD\Documents\STM32_HAL\DHT11\STM32F103C8TX_FLASH.ld" --specs=nosys.specs -Wl,-Map="DHT11.map" -Wl,--gc-sections -static --specs=nano.specs -mfloat-abi=soft -mthumb -u _printf_float -u _scanf_float -Wl,--start-group -lc -lm -lstdc++ -lsupc++ -Wl,--end-group
Finished building target: DHT11.elf
 
arm-none-eabi-size   DHT11.elf 
arm-none-eabi-objdump -h -S  DHT11.elf  > "DHT11.list"
   text	   data	    bss	    dec	    hex	filename
  34064	    476	   2100	  36640	   8f20	DHT11.elf
Finished building: default.size.stdout
 
Finished building: DHT11.list
 
14:28:25 **** Incremental Build of configuration Debug for project DHT11 ****
make -j2 all 
arm-none-eabi-gcc "../Core/Src/main.c" -mcpu=cortex-m3 -std=gnu11 -g3 -DDEBUG -DUSE_HAL_DRIVER -DSTM32F103xB -c -I../Core/Inc -I../Drivers/STM32F1xx_HAL_Driver/Inc/Legacy -I../Drivers/STM32F1xx_HAL_Driver/Inc -I../Drivers/CMSIS/Device/ST/STM32F1xx/Include -I../Drivers/CMSIS/Include -O0 -ffunction-sections -fdata-sections -Wall -fstack-usage -fcyclomatic-complexity -MMD -MP -MF"Core/Src/main.d" -MT"Core/Src/main.o" --specs=nano.specs -mfloat-abi=soft -mthumb -o "Core/Src/main.o"
arm-none-eabi-g++ -o "DHT11.elf" @"objects.list"   -mcpu=cortex-m3 -T"C:\Users\TAMRD\Documents\STM32_HAL\DHT11\STM32F103C8TX_FLASH.ld" --specs=nosys.specs -Wl,-Map="DHT11.map" -Wl,--gc-sections -static --specs=nano.specs -mfloat-abi=soft -mthumb -u _printf_float -u _scanf_float -Wl,--start-group -lc -lm -lstdc++ -lsupc++ -Wl,--end-group
Finished building target: DHT11.elf
 
arm-none-eabi-size   DHT11.elf 
arm-none-eabi-objdump -h -S  DHT11.elf  > "DHT11.list"
   text	   data	    bss	    dec	    hex	filename
  34104	    476	   2100	  36680	   8f48	DHT11.elf
Finished building: default.size.stdout
 
Finished building: DHT11.list
 
14:29:00 **** Incremental Build of configuration Debug for project DHT11 ****
make -j2 all 
arm-none-eabi-gcc "../Core/Src/main.c" -mcpu=cortex-m3 -std=gnu11 -g3 -DDEBUG -DUSE_HAL_DRIVER -DSTM32F103xB -c -I../Core/Inc -I../Drivers/STM32F1xx_HAL_Driver/Inc/Legacy -I../Drivers/STM32F1xx_HAL_Driver/Inc -I../Drivers/CMSIS/Device/ST/STM32F1xx/Include -I../Drivers/CMSIS/Include -O0 -ffunction-sections -fdata-sections -Wall -fstack-usage -fcyclomatic-complexity -MMD -MP -MF"Core/Src/main.d" -MT"Core/Src/main.o" --specs=nano.specs -mfloat-abi=soft -mthumb -o "Core/Src/main.o"
arm-none-eabi-g++ -o "DHT11.elf" @"objects.list"   -mcpu=cortex-m3 -T"C:\Users\TAMRD\Documents\STM32_HAL\DHT11\STM32F103C8TX_FLASH.ld" --specs=nosys.specs -Wl,-Map="DHT11.map" -Wl,--gc-sections -static --specs=nano.specs -mfloat-abi=soft -mthumb -u _printf_float -u _scanf_float -Wl,--start-group -lc -lm -lstdc++ -lsupc++ -Wl,--end-group
Finished building target: DHT11.elf
 
arm-none-eabi-size   DHT11.elf 
arm-none-eabi-objdump -h -S  DHT11.elf  > "DHT11.list"
   text	   data	    bss	    dec	    hex	filename
  34112	    476	   2100	  36688	   8f50	DHT11.elf
Finished building: default.size.stdout
 
Finished building: DHT11.list
 
14:33:18 **** Build of configuration Debug for project FPM_EOL ****
make -j2 all 
arm-none-eabi-gcc "../Core/Src/main.c" -mcpu=cortex-m3 -std=gnu11 -g3 -DDEBUG -DUSE_HAL_DRIVER -DSTM32F103xB -c -I../Core/Inc -I../Drivers/STM32F1xx_HAL_Driver/Inc/Legacy -I../Drivers/STM32F1xx_HAL_Driver/Inc -I../Drivers/CMSIS/Device/ST/STM32F1xx/Include -I../Drivers/CMSIS/Include -O0 -ffunction-sections -fdata-sections -Wall -fstack-usage -fcyclomatic-complexity -MMD -MP -MF"Core/Src/main.d" -MT"Core/Src/main.o" --specs=nano.specs -mfloat-abi=soft -mthumb -o "Core/Src/main.o"
arm-none-eabi-gcc -o "FPM_EOL.elf" @"objects.list"   -mcpu=cortex-m3 -T"C:\Users\TAMRD\Documents\Documents\CAN\FPM_EOL\STM32F103C8TX_FLASH.ld" --specs=nosys.specs -Wl,-Map="FPM_EOL.map" -Wl,--gc-sections -static --specs=nano.specs -mfloat-abi=soft -mthumb -Wl,--start-group -lc -lm -Wl,--end-group
Finished building target: FPM_EOL.elf
 
arm-none-eabi-size   FPM_EOL.elf 
arm-none-eabi-objdump -h -S  FPM_EOL.elf  > "FPM_EOL.list"
   text	   data	    bss	    dec	    hex	filename
  13504	     20	   1908	  15432	   3c48	FPM_EOL.elf
Finished building: default.size.stdout
 
Finished building: FPM_EOL.list
 
