08:27:54 **** Incremental Build of configuration Debug for project LM_project ****
make -j2 all 
arm-none-eabi-gcc "../Core/Src/main.c" -mcpu=cortex-m3 -std=gnu11 -g3 -DDEBUG -DUSE_HAL_DRIVER -DSTM32F103xB -c -I../Core/Inc -I../Drivers/STM32F1xx_HAL_Driver/Inc/Legacy -I../Drivers/STM32F1xx_HAL_Driver/Inc -I../Drivers/CMSIS/Device/ST/STM32F1xx/Include -I../Drivers/CMSIS/Include -I../Middlewares/Third_Party/FreeRTOS/Source/include -I../Middlewares/Third_Party/FreeRTOS/Source/CMSIS_RTOS_V2 -I../Middlewares/Third_Party/FreeRTOS/Source/portable/GCC/ARM_CM3 -O0 -ffunction-sections -fdata-sections -Wall -fstack-usage -fcyclomatic-complexity -MMD -MP -MF"Core/Src/main.d" -MT"Core/Src/main.o" --specs=nano.specs -mfloat-abi=soft -mthumb -o "Core/Src/main.o"
arm-none-eabi-gcc -o "LM_project.elf" @"objects.list"   -mcpu=cortex-m3 -T"C:\Users\TAMRD\Documents\STM32_HAL\LM_project\STM32F103C8TX_FLASH.ld" --specs=nosys.specs -Wl,-Map="LM_project.map" -Wl,--gc-sections -static --specs=nano.specs -mfloat-abi=soft -mthumb -u _printf_float -u _scanf_float -Wl,--start-group -lc -lm -Wl,--end-group
Finished building target: LM_project.elf
 
arm-none-eabi-size   LM_project.elf 
arm-none-eabi-objdump -h -S  LM_project.elf  > "LM_project.list"
   text	   data	    bss	    dec	    hex	filename
  43348	    480	   8560	  52388	   cca4	LM_project.elf
Finished building: default.size.stdout
 
Finished building: LM_project.list
 

08:27:55 Build Finished. 0 errors, 0 warnings. (took 1s.321ms)

