15:48:53 **** Incremental Build of configuration Debug for project my_ring_buffer ****
make -j2 all 
arm-none-eabi-gcc "../Core/Src/stm32f1xx_it.c" -mcpu=cortex-m3 -std=gnu11 -g3 -DDEBUG -DUSE_HAL_DRIVER -DSTM32F103xB -c -I../Core/Inc -I../Drivers/STM32F1xx_HAL_Driver/Inc -I../Drivers/STM32F1xx_HAL_Driver/Inc/Legacy -I../Drivers/CMSIS/Device/ST/STM32F1xx/Include -I../Drivers/CMSIS/Include -O0 -ffunction-sections -fdata-sections -Wall -fstack-usage -fcyclomatic-complexity -MMD -MP -MF"Core/Src/stm32f1xx_it.d" -MT"Core/Src/stm32f1xx_it.o" --specs=nano.specs -mfloat-abi=soft -mthumb -o "Core/Src/stm32f1xx_it.o"
arm-none-eabi-g++ -o "my_ring_buffer.elf" @"objects.list"   -mcpu=cortex-m3 -T"C:\Users\TAMRD\Documents\STM32_HAL\my_ring_buffer\STM32F103C8TX_FLASH.ld" --specs=nosys.specs -Wl,-Map="my_ring_buffer.map" -Wl,--gc-sections -static --specs=nano.specs -mfloat-abi=soft -mthumb -Wl,--start-group -lc -lm -lstdc++ -lsupc++ -Wl,--end-group
Finished building target: my_ring_buffer.elf
 
arm-none-eabi-size   my_ring_buffer.elf 
arm-none-eabi-objdump -h -S  my_ring_buffer.elf  > "my_ring_buffer.list"
   text	   data	    bss	    dec	    hex	filename
   9196	     20	   1740	  10956	   2acc	my_ring_buffer.elf
Finished building: default.size.stdout
 
Finished building: my_ring_buffer.list
 

15:48:54 Build Finished. 0 errors, 0 warnings. (took 1s.142ms)

